###############################################################################
#                                                                             #
# IAR C/C++ Compiler V8.10.3.10338/W32 for 8051         30/Aug/2017  22:12:56 #
# Copyright 2004-2011 IAR Systems AB.                                         #
#                                                                             #
#    Core               =  plain                                              #
#    Code model         =  banked                                             #
#    Data model         =  large                                              #
#    Calling convention =  xdata reentrant                                    #
#    Constant location  =  data_rom                                           #
#    Dptr setup         =  1,16                                               #
#    Source file        =  D:\ProgramData\Hardware\zigbee\Projects\zstack\Sam #
#                          ples\SensorSys\Source\SensorSys_Terminator.c       #
#    Command line       =  -f D:\ProgramData\Hardware\zigbee\Projects\zstack\ #
#                          Samples\SensorSys\CC2530DB\..\..\..\Tools\CC2530DB #
#                          \f8wEndev.cfg (-DCPU32MHZ -DROOT=__near_func       #
#                          -DMAC_CFG_TX_DATA_MAX=3 -DMAC_CFG_TX_MAX=6         #
#                          -DMAC_CFG_RX_MAX=3) -f D:\ProgramData\Hardware\zig #
#                          bee\Projects\zstack\Samples\SensorSys\CC2530DB\..\ #
#                          ..\..\Tools\CC2530DB\f8wConfig.cfg (-DZIGBEEPRO    #
#                          -DSECURE=0 -DZG_SECURE_DYNAMIC=0 -DREFLECTOR       #
#                          -DDEFAULT_CHANLIST=0x00000800                      #
#                          -DZDAPP_CONFIG_PAN_ID=0xFFF1                       #
#                          -DNWK_START_DELAY=100 -DEXTENDED_JOINING_RANDOM_MA #
#                          SK=0x007F -DBEACON_REQUEST_DELAY=100               #
#                          -DBEACON_REQ_DELAY_MASK=0x00FF                     #
#                          -DLINK_STATUS_JITTER_MASK=0x007F                   #
#                          -DROUTE_EXPIRY_TIME=30 -DAPSC_ACK_WAIT_DURATION_PO #
#                          LLED=3000 -DNWK_INDIRECT_MSG_TIMEOUT=7             #
#                          -DMAX_RREQ_ENTRIES=8 -DAPSC_MAX_FRAME_RETRIES=3    #
#                          -DNWK_MAX_DATA_RETRIES=2                           #
#                          -DMAX_POLL_FAILURE_RETRIES=2 -DMAX_BCAST=9         #
#                          -DAPS_MAX_GROUPS=16 -DMAX_RTG_ENTRIES=40           #
#                          -DNWK_MAX_BINDING_ENTRIES=4                        #
#                          -DMAX_BINDING_CLUSTER_IDS=4 "-DDEFAULT_KEY={0x01,  #
#                          0x03, 0x05, 0x07, 0x09, 0x0B, 0x0D, 0x0F, 0x00,    #
#                          0x02, 0x04, 0x06, 0x08, 0x0A, 0x0C, 0x0D}"         #
#                          -DMAC_MAX_FRAME_SIZE=116                           #
#                          -DZDNWKMGR_MIN_TRANSMISSIONS=20 "-DCONST=const     #
#                          __code" -DGENERIC=__generic                        #
#                          -DRFD_RCVC_ALWAYS_ON=FALSE -DPOLL_RATE=1000        #
#                          -DQUEUED_POLL_RATE=100 -DRESPONSE_POLL_RATE=100)   #
#                          -DREJOIN_POLL_RATE=440 D:\ProgramData\Hardware\zig #
#                          bee\Projects\zstack\Samples\SensorSys\Source\Senso #
#                          rSys_Terminator.c -D NWK_AUTO_POLL -D              #
#                          HOLD_AUTO_START -D REFLECTOR -D POWER_SAVING -D    #
#                          NV_INIT -D xNV_RESTORE -D xZTOOL_P1 -D xMT_TASK    #
#                          -D xMT_SYS_FUNC -D xMT_SAPI_FUNC -D                #
#                          xMT_SAPI_CB_FUNC -lC D:\ProgramData\Hardware\zigbe #
#                          e\Projects\zstack\Samples\SensorSys\CC2530DB\EndDe #
#                          viceEB\List\ -lA D:\ProgramData\Hardware\zigbee\Pr #
#                          ojects\zstack\Samples\SensorSys\CC2530DB\EndDevice #
#                          EB\List\ --diag_suppress Pe001,Pa010 -o            #
#                          D:\ProgramData\Hardware\zigbee\Projects\zstack\Sam #
#                          ples\SensorSys\CC2530DB\EndDeviceEB\Obj\ -e        #
#                          --no_code_motion --debug --core=plain --dptr=16,1  #
#                          --data_model=large --code_model=banked             #
#                          --calling_convention=xdata_reentrant               #
#                          --place_constants=data_rom --nr_virtual_regs 16    #
#                          -I D:\ProgramData\Hardware\zigbee\Projects\zstack\ #
#                          Samples\SensorSys\CC2530DB\ -I                     #
#                          D:\ProgramData\Hardware\zigbee\Projects\zstack\Sam #
#                          ples\SensorSys\CC2530DB\..\Source\ -I              #
#                          D:\ProgramData\Hardware\zigbee\Projects\zstack\Sam #
#                          ples\SensorSys\CC2530DB\..\..\..\ZMain\TI2530DB\   #
#                          -I D:\ProgramData\Hardware\zigbee\Projects\zstack\ #
#                          Samples\SensorSys\CC2530DB\..\..\..\..\..\Componen #
#                          ts\hal\include\ -I D:\ProgramData\Hardware\zigbee\ #
#                          Projects\zstack\Samples\SensorSys\CC2530DB\..\..\. #
#                          .\..\..\Components\hal\target\CC2530EB\ -I         #
#                          D:\ProgramData\Hardware\zigbee\Projects\zstack\Sam #
#                          ples\SensorSys\CC2530DB\..\..\..\..\..\Components\ #
#                          mac\include\ -I D:\ProgramData\Hardware\zigbee\Pro #
#                          jects\zstack\Samples\SensorSys\CC2530DB\..\..\..\. #
#                          .\..\Components\mac\high_level\ -I                 #
#                          D:\ProgramData\Hardware\zigbee\Projects\zstack\Sam #
#                          ples\SensorSys\CC2530DB\..\..\..\..\..\Components\ #
#                          mac\low_level\srf04\ -I D:\ProgramData\Hardware\zi #
#                          gbee\Projects\zstack\Samples\SensorSys\CC2530DB\.. #
#                          \..\..\..\..\Components\mac\low_level\srf04\single #
#                          _chip\ -I D:\ProgramData\Hardware\zigbee\Projects\ #
#                          zstack\Samples\SensorSys\CC2530DB\..\..\..\..\..\C #
#                          omponents\mt\ -I D:\ProgramData\Hardware\zigbee\Pr #
#                          ojects\zstack\Samples\SensorSys\CC2530DB\..\..\..\ #
#                          ..\..\Components\osal\include\ -I                  #
#                          D:\ProgramData\Hardware\zigbee\Projects\zstack\Sam #
#                          ples\SensorSys\CC2530DB\..\..\..\..\..\Components\ #
#                          services\saddr\ -I D:\ProgramData\Hardware\zigbee\ #
#                          Projects\zstack\Samples\SensorSys\CC2530DB\..\..\. #
#                          .\..\..\Components\services\sdata\ -I              #
#                          D:\ProgramData\Hardware\zigbee\Projects\zstack\Sam #
#                          ples\SensorSys\CC2530DB\..\..\..\..\..\Components\ #
#                          stack\af\ -I D:\ProgramData\Hardware\zigbee\Projec #
#                          ts\zstack\Samples\SensorSys\CC2530DB\..\..\..\..\. #
#                          .\Components\stack\nwk\ -I                         #
#                          D:\ProgramData\Hardware\zigbee\Projects\zstack\Sam #
#                          ples\SensorSys\CC2530DB\..\..\..\..\..\Components\ #
#                          stack\sapi\ -I D:\ProgramData\Hardware\zigbee\Proj #
#                          ects\zstack\Samples\SensorSys\CC2530DB\..\..\..\.. #
#                          \..\Components\stack\sec\ -I                       #
#                          D:\ProgramData\Hardware\zigbee\Projects\zstack\Sam #
#                          ples\SensorSys\CC2530DB\..\..\..\..\..\Components\ #
#                          stack\sys\ -I D:\ProgramData\Hardware\zigbee\Proje #
#                          cts\zstack\Samples\SensorSys\CC2530DB\..\..\..\..\ #
#                          ..\Components\stack\zdo\ -I                        #
#                          D:\ProgramData\Hardware\zigbee\Projects\zstack\Sam #
#                          ples\SensorSys\CC2530DB\..\..\..\..\..\Components\ #
#                          zmac\ -I D:\ProgramData\Hardware\zigbee\Projects\z #
#                          stack\Samples\SensorSys\CC2530DB\..\..\..\..\..\Co #
#                          mponents\zmac\f8w\ -Ohz --require_prototypes       #
#    List file          =  D:\ProgramData\Hardware\zigbee\Projects\zstack\Sam #
#                          ples\SensorSys\CC2530DB\EndDeviceEB\List\SensorSys #
#                          _Terminator.lst                                    #
#    Object file        =  D:\ProgramData\Hardware\zigbee\Projects\zstack\Sam #
#                          ples\SensorSys\CC2530DB\EndDeviceEB\Obj\SensorSys_ #
#                          Terminator.r51                                     #
#                                                                             #
#                                                                             #
###############################################################################

D:\ProgramData\Hardware\zigbee\Projects\zstack\Samples\SensorSys\Source\SensorSys_Terminator.c
      1          /**************************************************************************************************
      2          	Filename:       SensorSys.c
      3          	Revised:        $Date: 2009-03-18 15:56:27 -0700 (Wed, 18 Mar 2009) $
      4          	Revision:       $Revision: 19453 $
      5          
      6          	Description:    Generic Application (no Profile).
      7          
      8          
      9          	Copyright 2004-2009 Texas Instruments Incorporated. All rights reserved.
     10          
     11          	IMPORTANT: Your use of this Software is limited to those specific rights
     12          	granted under the terms of a software license agreement between the user
     13          	who downloaded the software, his/her employer (which must be your employer)
     14          	and Texas Instruments Incorporated (the "License").  You may not use this
     15          	Software unless you agree to abide by the terms of the License. The License
     16          	limits your use, and you acknowledge, that the Software may not be modified,
     17          	copied or distributed unless embedded on a Texas Instruments microcontroller
     18          	or used solely and exclusively in conjunction with a Texas Instruments radio
     19          	frequency transceiver, which is integrated into your product.  Other than for
     20          	the foregoing purpose, you may not use, reproduce, copy, prepare derivative
     21          	works of, modify, distribute, perform, display or sell this Software and/or
     22          	its documentation for any purpose.
     23          
     24          	YOU FURTHER ACKNOWLEDGE AND AGREE THAT THE SOFTWARE AND DOCUMENTATION ARE
     25          	PROVIDED 揂S IS?WITHOUT WARRANTY OF ANY KIND, EITHER EXPRESS OR IMPLIED, 
     26          	INCLUDING WITHOUT LIMITATION, ANY WARRANTY OF MERCHANTABILITY, TITLE, 
     27          	NON-INFRINGEMENT AND FITNESS FOR A PARTICULAR PURPOSE. IN NO EVENT SHALL
     28          	TEXAS INSTRUMENTS OR ITS LICENSORS BE LIABLE OR OBLIGATED UNDER CONTRACT,
     29          	NEGLIGENCE, STRICT LIABILITY, CONTRIBUTION, BREACH OF WARRANTY, OR OTHER
     30          	LEGAL EQUITABLE THEORY ANY DIRECT OR INDIRECT DAMAGES OR EXPENSES
     31          	INCLUDING BUT NOT LIMITED TO ANY INCIDENTAL, SPECIAL, INDIRECT, PUNITIVE
     32          	OR CONSEQUENTIAL DAMAGES, LOST PROFITS OR LOST DATA, COST OF PROCUREMENT
     33          	OF SUBSTITUTE GOODS, TECHNOLOGY, SERVICES, OR ANY CLAIMS BY THIRD PARTIES
     34          	(INCLUDING BUT NOT LIMITED TO ANY DEFENSE THEREOF), OR OTHER SIMILAR COSTS.
     35          
     36          	Should you have any questions regarding your right to use this Software,
     37          	contact Texas Instruments Incorporated at www.TI.com. 
     38          **************************************************************************************************/
     39          
     40          /*********************************************************************
     41          	This application isn't intended to do anything useful, it is
     42          	intended to be a simple example of an application's structure.
     43          
     44          	This application sends "Hello World" to another "Generic"
     45          	application every 15 seconds.  The application will also
     46          	receive "Hello World" packets.
     47          
     48          	The "Hello World" messages are sent/received as MSG type message.
     49          
     50          	This applications doesn't have a profile, so it handles everything
     51          	directly - itself.
     52          
     53          	Key control:
     54          		SW1:
     55          		SW2:  initiates end device binding
     56          		SW3:
     57          		SW4:  initiates a match description request
     58          *********************************************************************/
     59          
     60          /*********************************************************************
     61           * INCLUDES
     62           */
     63          #include "OSAL.h"
     64          #include "AF.h"
     65          #include "ZDApp.h"
     66          #include "ZDObject.h"
     67          #include "ZDProfile.h"
     68          #include "sapi.h"
     69          
     70          #include "SensorSys.h"
     71          #include "DebugTrace.h"
     72          
     73          #if !defined( WIN32 )
     74          	#include "OnBoard.h"
     75          #endif
     76          
     77          /* HAL */
     78          #include "hal_led.h"
     79          #include "hal_key.h"
     80          #include "hal_uart.h"
     81          
     82          /*********************************************************************
     83           * MACROS
     84           */
     85          
     86          /*********************************************************************
     87           * CONSTANTS
     88           */
     89          
     90          /*********************************************************************
     91           * TYPEDEFS
     92           */
     93          #define MY_DEVICE		BUTTON_TYPE_ID
     94          
     95          /*********************************************************************
     96           * GLOBAL VARIABLES
     97           */

   \                                 In  segment XDATA_I, align 1, keep-with-next
     98          uint8 AppTitle[]="SensorAPP"; //应用程序名称
   \                     AppTitle:
   \   000000                DS 10
   \   00000A                REQUIRE `?<Initializer for AppTitle>`
   \   00000A                REQUIRE __INIT_XDATA_I
     99          
    100          // Sys 端点的簇ID
    101          // This list should be filled with Application specific Cluster IDs.

   \                                 In  segment XDATA_ROM_C, align 1
    102          const cId_t Sys_ClusterList[SYS_MAX_CLUSTERS] =
   \                     Sys_ClusterList:
   \   000000   0100         DW 1
    103          {
    104            SYS_CLUSTERID
    105          };
    106          
    107          // Button 端点的簇ID
    108          // This list should be filled with Application specific Cluster IDs.

   \                                 In  segment XDATA_ROM_C, align 1
    109          const cId_t Button_ClusterList[BUTTON_MAX_CLUSTERS] =
   \                     Button_ClusterList:
   \   000000   0300         DW 3
   \   000002   0000         DW 0
    110          {
    111          	BUTTON_CLUSTERID
    112          };
    113          

   \                                 In  segment XDATA_ROM_C, align 1
    114          const cId_t Zb_ClusterList[ZB_MAX_CLUSTERS] =
   \                     Zb_ClusterList:
   \   000000   0200         DW 2
   \   000002   0000         DW 0
   \   000004   0000         DW 0
   \   000006   0000         DW 0
    115          {
    116            ZB_CLUSTERID
    117          };
    118          
    119          // Sys 端点简单描述符

   \                                 In  segment XDATA_ROM_C, align 1
    120          const SimpleDescriptionFormat_t Sys_SimpleDesc =
   \                     Sys_SimpleDesc:
   \   000000   02           DB 2
   \   000001   040F         DW 3844
   \   000003   0100         DW 1
   \   000005   00           DB 0
   \   000006   01           DB 1
   \   000007   ....         DW Sys_ClusterList
   \   000009   01           DB 1
   \   00000A   ....         DW Sys_ClusterList
    121          {
    122          	SYS_ENDPOINT,           //  int Endpoint;
    123          	SYS_PROFID,                //  uint16 AppProfId[2];
    124          	SYS_DEVICEID,              //  uint16 AppDeviceId[2];
    125          	SYS_DEVICE_VERSION,        //  int   AppDevVer:4;
    126          	SYS_FLAGS,                 //  int   AppFlags:4;
    127          	SYS_MAX_CLUSTERS,          //  byte  AppNumInClusters;
    128          	(cId_t *)Sys_ClusterList,  //  byte *pAppInClusterList;
    129          	SYS_MAX_CLUSTERS,          //  byte  AppNumInClusters;
    130          	(cId_t *)Sys_ClusterList   //  byte *pAppInClusterList;
    131          };
    132          
    133          // Button 端点简单描述符

   \                                 In  segment XDATA_ROM_C, align 1
    134          const SimpleDescriptionFormat_t Button_SimpleDesc =
   \                     Button_SimpleDesc:
   \   000000   0A           DB 10
   \   000001   040F         DW 3844
   \   000003   0100         DW 1
   \   000005   00           DB 0
   \   000006   00           DB 0
   \   000007   0000         DW 0H
   \   000009   02           DB 2
   \   00000A   ....         DW Button_ClusterList
    135          {
    136          	BUTTON_ENDPOINT,           //  int Endpoint;
    137          	SYS_PROFID,                //  uint16 AppProfId[2];
    138          	SYS_DEVICEID,              //  uint16 AppDeviceId[2];
    139          	SYS_DEVICE_VERSION,        //  int   AppDevVer:4;
    140          	SYS_FLAGS,                 //  int   AppFlags:4;
    141          	0,          			   //  byte  AppNumInClusters;
    142          	NULL,  					   //  byte *pAppInClusterList;
    143          	BUTTON_MAX_CLUSTERS,          //  byte  AppNumInClusters;
    144          	(cId_t *)Button_ClusterList   //  byte *pAppInClusterList;
    145          };
    146          

   \                                 In  segment XDATA_ROM_C, align 1
    147          const SimpleDescriptionFormat_t zb_SimpleDesc =
   \                     zb_SimpleDesc:
   \   000000   03           DB 3
   \   000001   040F         DW 3844
   \   000003   0100         DW 1
   \   000005   00           DB 0
   \   000006   04           DB 4
   \   000007   ....         DW Zb_ClusterList
   \   000009   04           DB 4
   \   00000A   ....         DW Zb_ClusterList
    148          {
    149          	ZB_ENDPOINT,           //  int Endpoint;
    150          	SYS_PROFID,                //  uint16 AppProfId[2];
    151          	SYS_DEVICEID,              //  uint16 AppDeviceId[2];
    152          	SYS_DEVICE_VERSION,        //  int   AppDevVer:4;
    153          	SYS_FLAGS,                 //  int   AppFlags:4;
    154          	ZB_MAX_CLUSTERS,          //  byte  AppNumInClusters;
    155          	(cId_t *)Zb_ClusterList,  //  byte *pAppInClusterList;
    156          	ZB_MAX_CLUSTERS,          //  byte  AppNumInClusters;
    157          	(cId_t *)Zb_ClusterList   //  byte *pAppInClusterList;
    158          };
    159          
    160          // This is the Endpoint/Interface description.  It is defined here, but
    161          // filled-in in Button_Init().  Another way to go would be to fill
    162          // in the structure here and make it a "const" (in code space).  The
    163          // way it's defined in this sample app it is define in RAM.

   \                                 In  segment XDATA_Z, align 1, keep-with-next
    164          endPointDesc_t Sys_epDesc;
   \                     Sys_epDesc:
   \   000000                DS 6
   \   000006                REQUIRE __INIT_XDATA_Z

   \                                 In  segment XDATA_Z, align 1, keep-with-next
    165          endPointDesc_t Button_epDesc;
   \                     Button_epDesc:
   \   000000                DS 6
   \   000006                REQUIRE __INIT_XDATA_Z
    166          
    167          /*********************************************************************
    168           * EXTERNAL VARIABLES
    169           */
    170          
    171          /*********************************************************************
    172           * EXTERNAL FUNCTIONS
    173           */
    174          
    175          /*********************************************************************
    176           * LOCAL VARIABLES
    177           */

   \                                 In  segment XDATA_Z, align 1, keep-with-next
    178          static uint8 myAppState = APP_INIT;
   \                     myAppState:
   \   000000                DS 1
   \   000001                REQUIRE __INIT_XDATA_Z

   \                                 In  segment XDATA_Z, align 1, keep-with-next
    179          static uint8 keys_shift = 0;
   \                     keys_shift:
   \   000000                DS 1
   \   000001                REQUIRE __INIT_XDATA_Z
    180          

   \                                 In  segment XDATA_Z, align 1, keep-with-next
    181          byte Sys_TaskID;
   \                     Sys_TaskID:
   \   000000                DS 1
   \   000001                REQUIRE __INIT_XDATA_Z

   \                                 In  segment XDATA_Z, align 1, keep-with-next
    182          byte Button_TaskID;   // Task ID for internal task/event processing
   \                     Button_TaskID:
   \   000000                DS 1
   \   000001                REQUIRE __INIT_XDATA_Z
    183          										// This variable will be received when
    184          										// Button_Init() is called.
    185          

   \                                 In  segment XDATA_Z, align 1, keep-with-next
    186          devStates_t SensorSys_NwkState;   // 节点现在的网络状态
   \                     SensorSys_NwkState:
   \   000000                DS 1
   \   000001                REQUIRE __INIT_XDATA_Z
    187          
    188          

   \                                 In  segment XDATA_Z, align 1, keep-with-next
    189          byte SensorSys_TransID;  // 数据包的发送ID，每发一个自增1
   \                     SensorSys_TransID:
   \   000000                DS 1
   \   000001                REQUIRE __INIT_XDATA_Z
    190          

   \                                 In  segment XDATA_Z, align 1, keep-with-next
    191          afAddrType_t Broadcast_DstAddr;
   \                     Broadcast_DstAddr:
   \   000000                DS 12
   \   00000C                REQUIRE __INIT_XDATA_Z

   \                                 In  segment XDATA_Z, align 1, keep-with-next
    192          afAddrType_t Button_DstAddr;
   \                     Button_DstAddr:
   \   000000                DS 12
   \   00000C                REQUIRE __INIT_XDATA_Z
    193          
    194          /*********************************************************************
    195           * LOCAL FUNCTIONS
    196           */
    197          void Sys_Init( byte task_id );
    198          void Button_Init( byte task_id );
    199          void Button_HandleKeys( byte keys );
    200          UINT16 Sys_ProcessEvent( byte task_id, UINT16 events );
    201          void Sys_MessageMSGCB( afIncomingMSGPacket_t *pckt, byte task_id );
    202          // void Sys_SendMessage( byte task_id );
    203          void zb_ReceiveDataIndication( uint16 source, uint16 command, uint16 len, uint8 *pData  );
    204          
    205          /*********************************************************************
    206           * NETWORK LAYER CALLBACKS
    207           */
    208          
    209          /*********************************************************************
    210           * PUBLIC FUNCTIONS
    211           */
    212          
    213          /*********************************************************************
    214           * @fn      Sys_Init
    215           *
    216           * @brief   Initialization function for the Generic App Task.
    217           *          This is called during initialization and should contain
    218           *          any application specific initialization (ie. hardware
    219           *          initialization/setup, table initialization, power up
    220           *          notificaiton ... ).
    221           *
    222           * @param   task_id - the ID assigned by OSAL.  This ID should be
    223           *                    used to send messages and set timers.
    224           *
    225           * @return  none
    226           */

   \                                 In  segment BANKED_CODE, align 1, keep-with-next
    227          void Sys_Init( byte task_id )
   \                     Sys_Init:
    228          {
   \   000000   74F7         MOV     A,#-0x9
   \   000002   12....       LCALL   ?BANKED_ENTER_XDATA
   \   000005                ; Saved register size: 9
   \   000005                ; Auto size: 0
   \   000005   E9           MOV     A,R1
    229            Sys_TaskID = task_id;
   \   000006   90....       MOV     DPTR,#Sys_TaskID
   \   000009   F0           MOVX    @DPTR,A
    230          
    231            // Device hardware initialization can be added here or in main() (Zmain.c).
    232            // If the hardware is application specific - add it here.
    233            // If the hardware is other parts of the device add it in main().
    234          
    235            Broadcast_DstAddr.addrMode = (afAddrMode_t)AddrBroadcast;
   \   00000A   90....       MOV     DPTR,#Broadcast_DstAddr + 8
   \   00000D   740F         MOV     A,#0xf
   \   00000F   F0           MOVX    @DPTR,A
    236            Broadcast_DstAddr.endPoint = SYS_ENDPOINT;
   \   000010   A3           INC     DPTR
   \   000011   7402         MOV     A,#0x2
   \   000013   F0           MOVX    @DPTR,A
    237            Broadcast_DstAddr.addr.shortAddr = 0xFFFF;
   \   000014   90....       MOV     DPTR,#Broadcast_DstAddr
   \   000017   74FF         MOV     A,#-0x1
   \   000019   F0           MOVX    @DPTR,A
   \   00001A   A3           INC     DPTR
   \   00001B   F0           MOVX    @DPTR,A
    238          
    239            // Fill out the endpoint description.
    240            Sys_epDesc.endPoint = SYS_ENDPOINT;
   \   00001C   90....       MOV     DPTR,#Sys_epDesc
   \   00001F   7402         MOV     A,#0x2
   \   000021   F0           MOVX    @DPTR,A
    241            Sys_epDesc.task_id = &Sys_TaskID;
   \   000022   A3           INC     DPTR
   \   000023   74..         MOV     A,#Sys_TaskID & 0xff
   \   000025   F0           MOVX    @DPTR,A
   \   000026   A3           INC     DPTR
   \   000027   74..         MOV     A,#(Sys_TaskID >> 8) & 0xff
   \   000029   F0           MOVX    @DPTR,A
    242            Sys_epDesc.simpleDesc
    243                      = (SimpleDescriptionFormat_t *)&Sys_SimpleDesc;
   \   00002A   A3           INC     DPTR
   \   00002B   74..         MOV     A,#Sys_SimpleDesc & 0xff
   \   00002D   F0           MOVX    @DPTR,A
   \   00002E   A3           INC     DPTR
   \   00002F   74..         MOV     A,#(Sys_SimpleDesc >> 8) & 0xff
   \   000031   F0           MOVX    @DPTR,A
    244            Sys_epDesc.latencyReq = noLatencyReqs;
   \   000032   A3           INC     DPTR
   \   000033   E4           CLR     A
   \   000034   F0           MOVX    @DPTR,A
    245          
    246            // Register the endpoint description with the AF
    247            afRegister( &Sys_epDesc );
   \   000035                ; Setup parameters for call to function afRegister
   \   000035   7A..         MOV     R2,#Sys_epDesc & 0xff
   \   000037   7B..         MOV     R3,#(Sys_epDesc >> 8) & 0xff
   \   000039   12....       LCALL   ??afRegister?relay
    248          
    249            HalLedSet ( HAL_LED_1, HAL_LED_MODE_ON );
   \   00003C                ; Setup parameters for call to function HalLedSet
   \   00003C   7A01         MOV     R2,#0x1
   \   00003E   7901         MOV     R1,#0x1
   \   000040   12....       LCALL   ??HalLedSet?relay
    250            HalLedSet ( HAL_LED_2, HAL_LED_MODE_ON );
   \   000043                ; Setup parameters for call to function HalLedSet
   \   000043   7A01         MOV     R2,#0x1
   \   000045   7902         MOV     R1,#0x2
   \   000047   12....       LCALL   ??HalLedSet?relay
    251            HalLedSet ( HAL_LED_3, HAL_LED_MODE_ON );
   \   00004A                ; Setup parameters for call to function HalLedSet
   \   00004A   7A01         MOV     R2,#0x1
   \   00004C   7904         MOV     R1,#0x4
   \   00004E   12....       LCALL   ??HalLedSet?relay
    252            HalLedSet ( HAL_LED_4, HAL_LED_MODE_ON );
   \   000051                ; Setup parameters for call to function HalLedSet
   \   000051   7A01         MOV     R2,#0x1
   \   000053   7908         MOV     R1,#0x8
   \   000055   12....       LCALL   ??HalLedSet?relay
    253          
    254            // To Update the display...
    255          }
   \   000058   02....       LJMP    ?Subroutine0 & 0xFFFF

   \                                 In  segment BANKED_CODE, align 1, keep-with-next
   \                     ?Subroutine0:
   \   000000   7F01         MOV     R7,#0x1
   \   000002   02....       LJMP    ?BANKED_LEAVE_XDATA
    256          
    257          /*********************************************************************
    258           * @fn      Button_Init
    259           *
    260           * @brief   Initialization function for the Generic App Task.
    261           *          This is called during initialization and should contain
    262           *          any application specific initialization (ie. hardware
    263           *          initialization/setup, table initialization, power up
    264           *          notificaiton ... ).
    265           *
    266           * @param   task_id - the ID assigned by OSAL.  This ID should be
    267           *                    used to send messages and set timers.
    268           *
    269           * @return  none
    270           */

   \                                 In  segment BANKED_CODE, align 1, keep-with-next
    271          void Button_Init( byte task_id )
   \                     Button_Init:
    272          {
   \   000000   74F7         MOV     A,#-0x9
   \   000002   12....       LCALL   ?BANKED_ENTER_XDATA
   \   000005                ; Saved register size: 9
   \   000005                ; Auto size: 0
   \   000005   E9           MOV     A,R1
    273          	Button_TaskID = task_id;
   \   000006   90....       MOV     DPTR,#Button_TaskID
   \   000009   F0           MOVX    @DPTR,A
    274          	SensorSys_NwkState = DEV_INIT;    // added to main()
   \   00000A   90....       MOV     DPTR,#SensorSys_NwkState
   \   00000D   7401         MOV     A,#0x1
   \   00000F   F0           MOVX    @DPTR,A
    275          	SensorSys_TransID = 0;            // added to main()
   \   000010   90....       MOV     DPTR,#SensorSys_TransID
   \   000013   E4           CLR     A
   \   000014   F0           MOVX    @DPTR,A
    276          
    277          	// Device hardware initialization can be added here or in main() (Zmain.c).
    278          	// If the hardware is application specific - add it here.
    279          	// If the hardware is other parts of the device add it in main().
    280          
    281          	Button_DstAddr.addrMode = (afAddrMode_t)AddrNotPresent;
   \   000015   90....       MOV     DPTR,#Button_DstAddr + 8
   \   000018   F0           MOVX    @DPTR,A
    282          	Button_DstAddr.endPoint = 0;
   \   000019   A3           INC     DPTR
   \   00001A   F0           MOVX    @DPTR,A
    283          	Button_DstAddr.addr.shortAddr = 0;
   \   00001B   90....       MOV     DPTR,#Button_DstAddr
   \   00001E   F0           MOVX    @DPTR,A
   \   00001F   A3           INC     DPTR
   \   000020   F0           MOVX    @DPTR,A
    284          
    285          	// Fill out the endpoint description.
    286          	Button_epDesc.endPoint = BUTTON_ENDPOINT;
   \   000021   90....       MOV     DPTR,#Button_epDesc
   \   000024   740A         MOV     A,#0xa
   \   000026   F0           MOVX    @DPTR,A
    287          	Button_epDesc.task_id = &Button_TaskID;
   \   000027   A3           INC     DPTR
   \   000028   74..         MOV     A,#Button_TaskID & 0xff
   \   00002A   F0           MOVX    @DPTR,A
   \   00002B   A3           INC     DPTR
   \   00002C   74..         MOV     A,#(Button_TaskID >> 8) & 0xff
   \   00002E   F0           MOVX    @DPTR,A
    288          	Button_epDesc.simpleDesc
    289          						= (SimpleDescriptionFormat_t *)&Button_SimpleDesc;
   \   00002F   A3           INC     DPTR
   \   000030   74..         MOV     A,#Button_SimpleDesc & 0xff
   \   000032   F0           MOVX    @DPTR,A
   \   000033   A3           INC     DPTR
   \   000034   74..         MOV     A,#(Button_SimpleDesc >> 8) & 0xff
   \   000036   F0           MOVX    @DPTR,A
    290          	Button_epDesc.latencyReq = noLatencyReqs;
   \   000037   A3           INC     DPTR
   \   000038   E4           CLR     A
   \   000039   F0           MOVX    @DPTR,A
    291          
    292          	// Register the endpoint description with the AF
    293          	afRegister( &Button_epDesc );
   \   00003A                ; Setup parameters for call to function afRegister
   \   00003A   7A..         MOV     R2,#Button_epDesc & 0xff
   \   00003C   7B..         MOV     R3,#(Button_epDesc >> 8) & 0xff
   \   00003E   12....       LCALL   ??afRegister?relay
    294          
    295          	// Register for all key events - This app will handle all key events
    296          	RegisterForKeys( Button_TaskID );
   \   000041                ; Setup parameters for call to function RegisterForKeys
   \   000041   90....       MOV     DPTR,#Button_TaskID
   \   000044   E0           MOVX    A,@DPTR
   \   000045   F9           MOV     R1,A
   \   000046   12....       LCALL   ??RegisterForKeys?relay
    297           
    298          //	ZDO_RegisterForZDOMsg( Button_TaskID, End_Device_Bind_rsp );
    299          	ZDO_RegisterForZDOMsg( Button_TaskID, Match_Desc_rsp );
   \   000049                ; Setup parameters for call to function ZDO_RegisterForZDOMsg
   \   000049   7A06         MOV     R2,#0x6
   \   00004B   7B80         MOV     R3,#-0x80
   \   00004D   90....       MOV     DPTR,#Button_TaskID
   \   000050   E0           MOVX    A,@DPTR
   \   000051   F9           MOV     R1,A
   \   000052   12....       LCALL   ??ZDO_RegisterForZDOMsg?relay
    300          }
   \   000055   02....       LJMP    ?Subroutine0 & 0xFFFF
    301          
    302          /*********************************************************************
    303           * @fn      Sys_ProcessEvent
    304           *
    305           * @brief   Generic Application Task event processor.  This function
    306           *          is called to process all events for the task.  Events
    307           *          include timers, messages and any other user defined events.
    308           *
    309           * @param   task_id  - The OSAL assigned task ID.
    310           * @param   events - events to process.  This is a bit map and can
    311           *                   contain more than one event.
    312           *
    313           * @return  none
    314           */

   \                                 In  segment BANKED_CODE, align 1, keep-with-next
    315          UINT16 Sys_ProcessEvent( byte task_id, UINT16 events )
   \                     Sys_ProcessEvent:
    316          {
   \   000000   74F2         MOV     A,#-0xe
   \   000002   12....       LCALL   ?BANKED_ENTER_XDATA
   \   000005                ; Saved register size: 14
   \   000005                ; Auto size: 0
   \   000005   89..         MOV     ?V0 + 2,R1
   \   000007   8A..         MOV     ?V0 + 0,R2
   \   000009   8B..         MOV     ?V0 + 1,R3
    317          	afIncomingMSGPacket_t *MSGpkt = NULL;
    318          	afDataConfirm_t *afDataConfirm;
    319          
    320          	// Data Confirmation message fields
    321          	byte sentEP;
    322          	ZStatus_t sentStatus;
    323          	byte sentTransID;       // This should match the value sent
    324          	(void)task_id;  // Intentionally unreferenced parameter
    325          
    326          	if ( events & SYS_EVENT_MSG )
   \   00000B   EB           MOV     A,R3
   \   00000C   5480         ANL     A,#0x80
   \   00000E   6049         JZ      ??Sys_ProcessEvent_0
    327          	{
    328          		MSGpkt = (afIncomingMSGPacket_t *)osal_msg_receive( task_id );
   \   000010                ; Setup parameters for call to function osal_msg_receive
   \   000010   801F         SJMP    ??Sys_ProcessEvent_1
    329          		// 其它 task_id 同上
    330          		while ( MSGpkt )
    331          		{
    332          			switch ( MSGpkt->hdr.event )
    333          			{
    334          				case AF_DATA_CONFIRM_CMD: // 判断信息是否发送成功
    335          					// This message is received as a confirmation of a data packet sent.
    336          					// The status is of ZStatus_t type [defined in ZComDef.h]
    337          					// The message fields are defined in AF.h
    338          					afDataConfirm = (afDataConfirm_t *)MSGpkt;
    339          					sentEP = afDataConfirm->endpoint;
    340          					sentStatus = afDataConfirm->hdr.status;
    341          					sentTransID = afDataConfirm->transID;
    342          					(void)sentEP;
    343          					(void)sentTransID;
    344          
    345          					// Action taken when confirmation is received.
    346          					if ( sentStatus != ZSuccess )
    347          					{
    348          						// The data wasn't delivered -- Do something
    349          					}
    350          					break;
    351          
    352          				case AF_INCOMING_MSG_CMD:   // 接收信息
    353          					Sys_MessageMSGCB( MSGpkt, task_id );
    354          					break;
    355          
    356          				case ZDO_STATE_CHANGE:      // 设备网络状态改变
    357          					if(myAppState == APP_INIT) {
   \                     ??Sys_ProcessEvent_2:
   \   000012   90....       MOV     DPTR,#myAppState
   \   000015   E0           MOVX    A,@DPTR
   \   000016   7003         JNZ     ??Sys_ProcessEvent_3
    358          						myAppState = APP_START;
   \   000018   7401         MOV     A,#0x1
   \   00001A   F0           MOVX    @DPTR,A
    359          					}
    360          
    361          					SensorSys_NwkState = (devStates_t)(MSGpkt->hdr.status);
   \                     ??Sys_ProcessEvent_3:
   \   00001B   8E82         MOV     DPL,R6
   \   00001D   8F83         MOV     DPH,R7
   \   00001F   A3           INC     DPTR
   \   000020   E0           MOVX    A,@DPTR
   \   000021   90....       MOV     DPTR,#SensorSys_NwkState
   \   000024   F0           MOVX    @DPTR,A
    362          					if ( (SensorSys_NwkState == DEV_ZB_COORD)
    363          							|| (SensorSys_NwkState == DEV_ROUTER)
    364          							|| (SensorSys_NwkState == DEV_END_DEVICE) )
    365          					{
    366          						;
    367          					}
    368          
    369          					break;
    370          
    371          				default:
    372          					break;
    373          			}
    374          
    375          			// Release the memory
    376          			osal_msg_deallocate( (uint8 *)MSGpkt );
   \                     ??Sys_ProcessEvent_4:
   \   000025                ; Setup parameters for call to function osal_msg_deallocate
   \   000025   EE           MOV     A,R6
   \   000026   FA           MOV     R2,A
   \   000027   EF           MOV     A,R7
   \   000028   FB           MOV     R3,A
   \   000029   12....       LCALL   ??osal_msg_deallocate?relay
    377          
    378          			// Next
    379          			MSGpkt = (afIncomingMSGPacket_t *)osal_msg_receive( Sys_TaskID );
   \   00002C                ; Setup parameters for call to function osal_msg_receive
   \   00002C   90....       MOV     DPTR,#Sys_TaskID
   \   00002F   E0           MOVX    A,@DPTR
   \   000030   F9           MOV     R1,A
   \                     ??Sys_ProcessEvent_1:
   \   000031   12....       LCALL   ?Subroutine2 & 0xFFFF
   \                     ??CrossCallReturnLabel_0:
   \   000034   601A         JZ      ??Sys_ProcessEvent_5
   \   000036   8E82         MOV     DPL,R6
   \   000038   8F83         MOV     DPH,R7
   \   00003A   E0           MOVX    A,@DPTR
   \   00003B   24E6         ADD     A,#-0x1a
   \   00003D   6006         JZ      ??Sys_ProcessEvent_6
   \   00003F   2449         ADD     A,#0x49
   \   000041   60CF         JZ      ??Sys_ProcessEvent_2
   \   000043   80E0         SJMP    ??Sys_ProcessEvent_4
   \                     ??Sys_ProcessEvent_6:
   \   000045                ; Setup parameters for call to function Sys_MessageMSGCB
   \   000045   A9..         MOV     R1,?V0 + 2
   \   000047   EE           MOV     A,R6
   \   000048   FA           MOV     R2,A
   \   000049   EF           MOV     A,R7
   \   00004A   FB           MOV     R3,A
   \   00004B   12....       LCALL   ??Sys_MessageMSGCB?relay
   \   00004E   80D5         SJMP    ??Sys_ProcessEvent_4
    380          		}
    381          	  // return unprocessed events
    382          		return (events ^ SYS_EVENT_MSG);
   \                     ??Sys_ProcessEvent_5:
   \   000050   AA..         MOV     R2,?V0 + 0
   \   000052   E5..         MOV     A,?V0 + 1
   \   000054   6480         XRL     A,#0x80
   \   000056   FB           MOV     R3,A
   \   000057   8017         SJMP    ??Sys_ProcessEvent_7
    383          	}
    384          
    385          	if(events & CLOSE_BIND_EVT)
   \                     ??Sys_ProcessEvent_0:
   \   000059   EA           MOV     A,R2
   \   00005A   5403         ANL     A,#0x3
   \   00005C   7A00         MOV     R2,#0x0
   \   00005E   600E         JZ      ??Sys_ProcessEvent_8
    386          	{
    387          		HalLedSet(HAL_LED_1, HAL_LED_MODE_OFF);
   \   000060                ; Setup parameters for call to function HalLedSet
   \   000060   7901         MOV     R1,#0x1
   \   000062   12....       LCALL   ??HalLedSet?relay
    388          		return (events ^ CLOSE_BIND_EVT);
   \   000065   E5..         MOV     A,?V0 + 0
   \   000067   6403         XRL     A,#0x3
   \   000069   FA           MOV     R2,A
   \   00006A   AB..         MOV     R3,?V0 + 1
   \   00006C   8002         SJMP    ??Sys_ProcessEvent_7
    389          	}
    390          	// Discard unknown events
    391          	return 0;
   \                     ??Sys_ProcessEvent_8:
   \   00006E   7B00         MOV     R3,#0x0
   \                     ??Sys_ProcessEvent_7:
   \   000070                REQUIRE ?Subroutine1
   \   000070                ; // Fall through to label ?Subroutine1
    392          }

   \                                 In  segment BANKED_CODE, align 1, keep-with-next
   \                     ?Subroutine1:
   \   000000   7F06         MOV     R7,#0x6
   \   000002   02....       LJMP    ?BANKED_LEAVE_XDATA

   \                                 In  segment BANKED_CODE, align 1, keep-with-next
   \                     ?Subroutine2:
   \   000000   12....       LCALL   ??osal_msg_receive?relay
   \   000003   8A..         MOV     ?V0 + 4,R2
   \   000005   8B..         MOV     ?V0 + 5,R3
   \   000007   AE..         MOV     R6,?V0 + 4
   \   000009   AF..         MOV     R7,?V0 + 5
   \   00000B   EE           MOV     A,R6
   \   00000C   4F           ORL     A,R7
   \   00000D   22           RET
    393          
    394          

   \                                 In  segment BANKED_CODE, align 1, keep-with-next
    395          UINT16 Button_ProcessEvent( byte task_id, UINT16 events )
   \                     Button_ProcessEvent:
    396          {
   \   000000   74F2         MOV     A,#-0xe
   \   000002   12....       LCALL   ?BANKED_ENTER_XDATA
   \   000005                ; Saved register size: 14
   \   000005                ; Auto size: 0
   \   000005   8A..         MOV     ?V0 + 0,R2
   \   000007   8B..         MOV     ?V0 + 1,R3
    397          	afIncomingMSGPacket_t *MSGpkt = NULL;
    398          
    399          	(void)task_id;  // Intentionally unreferenced parameter
    400          
    401          	if ( events & SYS_EVENT_MSG )
   \   000009   EB           MOV     A,R3
   \   00000A   5480         ANL     A,#0x80
   \   00000C   602D         JZ      ??Button_ProcessEvent_0
    402          	{
    403              MSGpkt = (afIncomingMSGPacket_t *)osal_msg_receive( task_id );
   \   00000E                ; Setup parameters for call to function osal_msg_receive
   \   00000E   801D         SJMP    ??Button_ProcessEvent_1
    404              while ( MSGpkt )
    405              {
    406                switch ( MSGpkt->hdr.event )
   \                     ??Button_ProcessEvent_2:
   \   000010   8E82         MOV     DPL,R6
   \   000012   8F83         MOV     DPH,R7
   \   000014   E0           MOVX    A,@DPTR
   \   000015   64C0         XRL     A,#0xc0
   \   000017   7008         JNZ     ??Button_ProcessEvent_3
    407                {
    408                	case KEY_CHANGE:
    409                		Button_HandleKeys( ((keyChange_t *)MSGpkt)->keys );
   \   000019                ; Setup parameters for call to function Button_HandleKeys
   \   000019   A3           INC     DPTR
   \   00001A   A3           INC     DPTR
   \   00001B   A3           INC     DPTR
   \   00001C   E0           MOVX    A,@DPTR
   \   00001D   F9           MOV     R1,A
   \   00001E   12....       LCALL   ??Button_HandleKeys?relay
    410                	break;
    411                }
    412                // Release the memory
    413                osal_msg_deallocate( (uint8 *)MSGpkt );
   \                     ??Button_ProcessEvent_3:
   \   000021                ; Setup parameters for call to function osal_msg_deallocate
   \   000021   EE           MOV     A,R6
   \   000022   FA           MOV     R2,A
   \   000023   EF           MOV     A,R7
   \   000024   FB           MOV     R3,A
   \   000025   12....       LCALL   ??osal_msg_deallocate?relay
    414          
    415                // Next
    416                MSGpkt = (afIncomingMSGPacket_t *)osal_msg_receive( Button_TaskID );
   \   000028                ; Setup parameters for call to function osal_msg_receive
   \   000028   90....       MOV     DPTR,#Button_TaskID
   \   00002B   E0           MOVX    A,@DPTR
   \   00002C   F9           MOV     R1,A
    417              }
   \                     ??Button_ProcessEvent_1:
   \   00002D   12....       LCALL   ?Subroutine2 & 0xFFFF
   \                     ??CrossCallReturnLabel_1:
   \   000030   70DE         JNZ     ??Button_ProcessEvent_2
    418              return (events ^ SYS_EVENT_MSG);
   \   000032   AA..         MOV     R2,?V0 + 0
   \   000034   E5..         MOV     A,?V0 + 1
   \   000036   6480         XRL     A,#0x80
   \   000038   FB           MOV     R3,A
   \   000039   8004         SJMP    ??Button_ProcessEvent_4
    419          	}
    420            return 0;
   \                     ??Button_ProcessEvent_0:
   \   00003B   7A00         MOV     R2,#0x0
   \   00003D   7B00         MOV     R3,#0x0
   \                     ??Button_ProcessEvent_4:
   \   00003F   80..         SJMP    ?Subroutine1
    421          }
    422          
    423          
    424          /*********************************************************************
    425           * Event Generation Functions
    426           */
    427          
    428          /*********************************************************************
    429           * @fn      Button_HandleKeys
    430           *
    431           * @brief   Handles all key events for this device.
    432           *
    433           * @param   shift - true if in shift/alt.
    434           * @param   keys - bit field for key events. Valid entries:
    435           *                 HAL_KEY_SW_4
    436           *                 HAL_KEY_SW_3
    437           *                 HAL_KEY_SW_2
    438           *                 HAL_KEY_SW_1
    439           *
    440           * @return  none
    441           */

   \                                 In  segment BANKED_CODE, align 1, keep-with-next
    442          void Button_HandleKeys( byte keys )
   \                     Button_HandleKeys:
    443          {
   \   000000   74F7         MOV     A,#-0x9
   \   000002   12....       LCALL   ?BANKED_ENTER_XDATA
   \   000005                ; Saved register size: 9
   \   000005                ; Auto size: 0
   \   000005   E9           MOV     A,R1
   \   000006   FE           MOV     R6,A
    444          	zAddrType_t dstAddr;
                 	            ^
Warning[Pe177]: variable "dstAddr" was declared but never referenced
    445          	
    446          	// Shift is used to make each button/switch dual purpose.
    447          	if ( keys_shift )
   \   000007   90....       MOV     DPTR,#keys_shift
   \   00000A   E0           MOVX    A,@DPTR
   \   00000B   601A         JZ      ??Button_HandleKeys_0
    448          	{
    449          		// Allow Binding
    450          		if ( keys & HAL_KEY_SW_1 )
   \   00000D   EE           MOV     A,R6
   \   00000E   A2E0         MOV     C,0xE0 /* A   */.0
   \   000010   5015         JNC     ??Button_HandleKeys_0
    451          		{
    452          			zb_AllowBind(10);
   \   000012                ; Setup parameters for call to function zb_AllowBind
   \   000012   790A         MOV     R1,#0xa
   \   000014   12....       LCALL   ??zb_AllowBind?relay
    453          			HalLedSet(HAL_LED_1, HAL_LED_MODE_FLASH);
   \   000017                ; Setup parameters for call to function HalLedSet
   \   000017   7A04         MOV     R2,#0x4
   \   000019   7901         MOV     R1,#0x1
   \   00001B   12....       LCALL   ??HalLedSet?relay
    454          			osal_start_timerEx(Sys_TaskID, CLOSE_BIND_EVT, 10000);
   \   00001E                ; Setup parameters for call to function osal_start_timerEx
   \   00001E   7C10         MOV     R4,#0x10
   \   000020   7D27         MOV     R5,#0x27
   \   000022   12....       LCALL   ?Subroutine4 & 0xFFFF
    455          			
    456          			keys_shift = 0;
    457          		}
    458          		if ( keys & HAL_KEY_SW_2 )
    459          		{
    460          		}
    461          		if ( keys & HAL_KEY_SW_3 )
    462          		{
    463          		}
    464          		if ( keys & HAL_KEY_SW_4 )
    465          		{
    466          		}
    467          	}
   \                     ??CrossCallReturnLabel_4:
   \   000025   E4           CLR     A
   \   000026   F0           MOVX    @DPTR,A
    468          	else
    469          	{
    470          		if ( keys & HAL_KEY_SW_1 )
    471          		{
    472          		}
    473          
    474          		if ( keys & HAL_KEY_SW_2 )
    475          		{/*
    476          			HalLedSet ( HAL_LED_4, HAL_LED_MODE_OFF );
    477          
    478          			// 想绑定另一个端点
    479          			dstAddr.addrMode = Addr16Bit;
    480          			dstAddr.addr.shortAddr = 0x0000; 
    481          			ZDP_EndDeviceBindReq( &dstAddr, NLME_GetShortAddr(), 
    482          														Button_epDesc.endPoint,
    483          														SENSORSYS_PROFID,
    484          														SENSORSYS_MAX_CLUSTERS, (cId_t *)Button_ClusterList,
    485          														SENSORSYS_MAX_CLUSTERS, (cId_t *)Button_ClusterList,
    486          														FALSE );*/
    487          		}
    488          
    489          		if ( keys & HAL_KEY_SW_3 )
    490          		{
    491          		}
    492          		
    493          		if ( keys & HAL_KEY_SW_4 )
    494          		{
    495          		/*	HalLedSet ( HAL_LED_4, HAL_LED_MODE_OFF );
    496          			dstAddr.addrMode = AddrBroadcast;
    497          			dstAddr.addr.shortAddr = NWK_BROADCAST_SHORTADDR;
    498          			ZDP_MatchDescReq( &dstAddr, NWK_BROADCAST_SHORTADDR,
    499          												SENSORSYS_PROFID,
    500          												SENSORSYS_MAX_CLUSTERS, (cId_t *)Button_ClusterList,
    501          												SENSORSYS_MAX_CLUSTERS, (cId_t *)Button_ClusterList,
    502          												FALSE );
    503          		*/
    504          		}
    505          	}
    506          }
   \                     ??Button_HandleKeys_0:
   \   000027                REQUIRE ?Subroutine0
   \   000027                ; // Fall through to label ?Subroutine0

   \                                 In  segment BANKED_CODE, align 1, keep-with-next
   \                     ?Subroutine4:
   \   000000   7A03         MOV     R2,#0x3
   \   000002   7B00         MOV     R3,#0x0
   \   000004   90....       MOV     DPTR,#Sys_TaskID
   \   000007   E0           MOVX    A,@DPTR
   \   000008   F9           MOV     R1,A
   \   000009   12....       LCALL   ??osal_start_timerEx?relay
   \   00000C   90....       MOV     DPTR,#keys_shift
   \   00000F   22           RET
    507          
    508          
    509          /*********************************************************************
    510           * LOCAL FUNCTIONS
    511           */
    512          
    513          /*********************************************************************
    514           * @fn      Sys_MessageMSGCB
    515           *
    516           * @brief   Data message processor callback.  This function processes
    517           *          any incoming data - probably from other devices.  So, based
    518           *          on cluster ID, perform the intended action.
    519           *
    520           * @param   none
    521           *
    522           * @return  none
    523           */

   \                                 In  segment BANKED_CODE, align 1, keep-with-next
    524          void Sys_MessageMSGCB( afIncomingMSGPacket_t *pkt, byte task_id )
   \                     Sys_MessageMSGCB:
    525          {
   \   000000   74F6         MOV     A,#-0xa
   \   000002   12....       LCALL   ?BANKED_ENTER_XDATA
   \   000005                ; Saved register size: 10
   \   000005                ; Auto size: 4
   \   000005   74FC         MOV     A,#-0x4
   \   000007   12....       LCALL   ?ALLOC_XSTACK8
   \   00000A   EA           MOV     A,R2
   \   00000B   FE           MOV     R6,A
   \   00000C   EB           MOV     A,R3
   \   00000D   FF           MOV     R7,A
    526          	switch ( pkt->clusterId )
   \   00000E   8E82         MOV     DPL,R6
   \   000010   8F83         MOV     DPH,R7
   \   000012   A3           INC     DPTR
   \   000013   A3           INC     DPTR
   \   000014   A3           INC     DPTR
   \   000015   A3           INC     DPTR
   \   000016   E0           MOVX    A,@DPTR
   \   000017   6401         XRL     A,#0x1
   \   000019   7002         JNZ     ??Sys_MessageMSGCB_0
   \   00001B   A3           INC     DPTR
   \   00001C   E0           MOVX    A,@DPTR
   \                     ??Sys_MessageMSGCB_0:
   \   00001D   705F         JNZ     ??Sys_MessageMSGCB_1
    527          	{
    528          		case SYS_CLUSTERID:
    529                          {
    530          			char flag[4];
    531          			memcpy(flag, pkt->cmd.Data, 4);
   \   00001F                ; Setup parameters for call to function memcpy
   \   00001F   75..04       MOV     ?V0 + 0,#0x4
   \   000022   75..00       MOV     ?V0 + 1,#0x0
   \   000025   78..         MOV     R0,#?V0 + 0
   \   000027   12....       LCALL   ?PUSH_XSTACK_I_TWO
   \   00002A   12....       LCALL   ?Subroutine3 & 0xFFFF
   \                     ??CrossCallReturnLabel_2:
   \   00002D   FC           MOV     R4,A
   \   00002E   A3           INC     DPTR
   \   00002F   E0           MOVX    A,@DPTR
   \   000030   FD           MOV     R5,A
   \   000031   7402         MOV     A,#0x2
   \   000033   12....       LCALL   ?XSTACK_DISP0_8
   \   000036   AA82         MOV     R2,DPL
   \   000038   AB83         MOV     R3,DPH
   \   00003A   12....       LCALL   ??memcpy?relay
   \   00003D   7402         MOV     A,#0x2
   \   00003F   12....       LCALL   ?DEALLOC_XSTACK8
    532          			if( !strcmp( flag, "bind") )
   \   000042                ; Setup parameters for call to function strcmp
   \   000042   7C..         MOV     R4,#`?<Constant "bind">` & 0xff
   \   000044   7D..         MOV     R5,#(`?<Constant "bind">` >> 8) & 0xff
   \   000046   85..82       MOV     DPL,?XSP + 0
   \   000049   85..83       MOV     DPH,?XSP + 1
   \   00004C   AA82         MOV     R2,DPL
   \   00004E   AB83         MOV     R3,DPH
   \   000050   12....       LCALL   ??strcmp?relay
   \   000053   8B..         MOV     ?V0 + 1,R3
   \   000055   EA           MOV     A,R2
   \   000056   45..         ORL     A,?V0 + 1
   \   000058   7024         JNZ     ??Sys_MessageMSGCB_1
    533          			{
    534          				if( pkt->cmd.Data[4] & MY_DEVICE )
   \   00005A   12....       LCALL   ?Subroutine3 & 0xFFFF
   \                     ??CrossCallReturnLabel_3:
   \   00005D   F8           MOV     R0,A
   \   00005E   A3           INC     DPTR
   \   00005F   E0           MOVX    A,@DPTR
   \   000060   F583         MOV     DPH,A
   \   000062   8882         MOV     DPL,R0
   \   000064   A3           INC     DPTR
   \   000065   A3           INC     DPTR
   \   000066   A3           INC     DPTR
   \   000067   A3           INC     DPTR
   \   000068   E0           MOVX    A,@DPTR
   \   000069   A2E0         MOV     C,0xE0 /* A   */.0
   \   00006B   5011         JNC     ??Sys_MessageMSGCB_1
    535          				{
    536          					HalLedSet(HAL_LED_1, HAL_LED_MODE_ON);		// Set Red LED ON
   \   00006D                ; Setup parameters for call to function HalLedSet
   \   00006D   7A01         MOV     R2,#0x1
   \   00006F   7901         MOV     R1,#0x1
   \   000071   12....       LCALL   ??HalLedSet?relay
    537          					osal_start_timerEx(Sys_TaskID, CLOSE_BIND_EVT, 5000);		// Bind operation 5s timeout
   \   000074                ; Setup parameters for call to function osal_start_timerEx
   \   000074   7C88         MOV     R4,#-0x78
   \   000076   7D13         MOV     R5,#0x13
   \   000078   12....       LCALL   ?Subroutine4 & 0xFFFF
    538          					keys_shift = 1;
    539          				}
    540          			}
    541          #if defined( WIN32 )
    542          			WPRINTSTR( pkt->cmd.Data );
    543          #endif
    544          			break;
    545                          }
    546          	}
   \                     ??CrossCallReturnLabel_5:
   \   00007B   7401         MOV     A,#0x1
   \   00007D   F0           MOVX    @DPTR,A
    547          }
   \                     ??Sys_MessageMSGCB_1:
   \   00007E   7404         MOV     A,#0x4
   \   000080   12....       LCALL   ?DEALLOC_XSTACK8
   \   000083   7F02         MOV     R7,#0x2
   \   000085   02....       LJMP    ?BANKED_LEAVE_XDATA

   \                                 In  segment BANKED_CODE, align 1, keep-with-next
   \                     ?Subroutine3:
   \   000000   EE           MOV     A,R6
   \   000001   2422         ADD     A,#0x22
   \   000003   F582         MOV     DPL,A
   \   000005   EF           MOV     A,R7
   \   000006   3400         ADDC    A,#0x0
   \   000008   F583         MOV     DPH,A
   \   00000A   E0           MOVX    A,@DPTR
   \   00000B   22           RET
    548          
    549          /*********************************************************************
    550           * @fn      Sys_SendMessage
    551           *
    552           * @brief   Send message.
    553           *
    554           * @param   none
    555           *
    556           * @return  none
    557           *//*
    558          void Sys_SendMessage( void )
    559          {
    560          	char theMessageData[] = "";
    561          
    562          	if ( AF_DataRequest( &Button_DstAddr, &Button_epDesc,
    563          											 button_CLUSTERID,
    564          											 (byte)osal_strlen( theMessageData ) + 1,
    565          											 (byte *)&theMessageData,
    566          											 &SensorSys_TransID,
    567          											 AF_DISCV_ROUTE, AF_DEFAULT_RADIUS ) == afStatus_SUCCESS )
    568          	{
    569          		// Successfully requested to be sent.
    570          	}
    571          	else
    572          	{
    573          		// Error occurred in request to send.
    574          	}
    575          }
    576          */
    577          /******************************************************************************
    578           * @fn          zb_ReceiveDataIndication
    579           * 
    580           * @brief       The zb_ReceiveDataIndication callback function is called
    581           *              asynchronously by the ZigBee stack to notify the application
    582           *              when data is received from a peer device.
    583           *
    584           * @param       source - The short address of the peer device that sent the data
    585           *              command - The commandId associated with the data
    586           *              len - The number of bytes in the pData parameter
    587           *              pData - The data sent by the peer device
    588           *
    589           * @return      none
    590           */

   \                                 In  segment BANKED_CODE, align 1, keep-with-next
    591          void zb_ReceiveDataIndication( uint16 source, uint16 command, uint16 len, uint8 *pData  )
   \                     zb_ReceiveDataIndication:
    592          {
   \   000000   C082         PUSH    DPL
   \   000002   C083         PUSH    DPH
   \   000004                ; Saved register size: 2
   \   000004                ; Auto size: 0
    593            if (command == BUTTON_CMD_ID)
   \   000004   7401         MOV     A,#0x1
   \   000006   6C           XRL     A,R4
   \   000007   7001         JNZ     ??zb_ReceiveDataIndication_0
   \   000009   ED           MOV     A,R5
   \                     ??zb_ReceiveDataIndication_0:
   \   00000A   7007         JNZ     ??zb_ReceiveDataIndication_1
    594            {
    595              // Received application command to toggle the LED
    596              HalLedSet(HAL_LED_2, HAL_LED_MODE_BLINK);
   \   00000C                ; Setup parameters for call to function HalLedSet
   \   00000C   7A02         MOV     R2,#0x2
   \   00000E   7902         MOV     R1,#0x2
   \   000010   12....       LCALL   ??HalLedSet?relay
    597            }
    598          }
   \                     ??zb_ReceiveDataIndication_1:
   \   000013   D083         POP     DPH
   \   000015   D082         POP     DPL
   \   000017   02....       LJMP    ?BRET
    599          /*********************************************************************
    600          *********************************************************************/
    601          /******************************************************************************
    602           * @fn          zb_StartConfirm
    603           *
    604           * @brief       The zb_StartConfirm callback is called by the ZigBee stack
    605           *              after a start request operation completes
    606           *
    607           * @param       status - The status of the start operation.  Status of
    608           *                       ZB_SUCCESS indicates the start operation completed
    609           *                       successfully.  Else the status is an error code.
    610           *
    611           * @return      none
    612           */

   \                                 In  segment BANKED_CODE, align 1, keep-with-next
    613          void zb_StartConfirm( uint8 status )
   \                     zb_StartConfirm:
    614          {
   \   000000   74F7         MOV     A,#-0x9
   \   000002   12....       LCALL   ?BANKED_ENTER_XDATA
   \   000005                ; Saved register size: 9
   \   000005                ; Auto size: 0
   \   000005   E9           MOV     A,R1
    615            if ( status == ZB_SUCCESS )
   \   000006   7008         JNZ     ??zb_StartConfirm_0
    616            {
    617              myAppState = APP_START;
   \   000008   90....       MOV     DPTR,#myAppState
   \   00000B   7401         MOV     A,#0x1
   \   00000D   F0           MOVX    @DPTR,A
   \   00000E   8007         SJMP    ??zb_StartConfirm_1
    618            }
    619            else
    620            {
    621              // Try again later with a delay
    622              
    623              HalLedSet(HAL_LED_1, HAL_LED_MODE_BLINK);
   \                     ??zb_StartConfirm_0:
   \   000010                ; Setup parameters for call to function HalLedSet
   \   000010   7A02         MOV     R2,#0x2
   \   000012   7901         MOV     R1,#0x1
   \   000014   12....       LCALL   ??HalLedSet?relay
    624            }
    625          }
   \                     ??zb_StartConfirm_1:
   \   000017   02....       LJMP    ?Subroutine0 & 0xFFFF
    626          /******************************************************************************
    627           * @fn          zb_SendDataConfirm
    628           *
    629           * @brief       The zb_SendDataConfirm callback function is called by the
    630           *              ZigBee after a send data operation completes
    631           *
    632           * @param       handle - The handle identifying the data transmission.
    633           *              status - The status of the operation.
    634           *
    635           * @return      none
    636           */

   \                                 In  segment BANKED_CODE, align 1, keep-with-next
    637          void zb_SendDataConfirm( uint8 handle, uint8 status )
   \                     zb_SendDataConfirm:
    638          {
   \   000000                ; Saved register size: 0
   \   000000                ; Auto size: 0
    639          }
   \   000000   02....       LJMP    ?BRET
    640          /******************************************************************************
    641           * @fn          zb_BindConfirm
    642           *
    643           * @brief       The zb_BindConfirm callback is called by the ZigBee stack
    644           *              after a bind operation completes.
    645           *
    646           * @param       commandId - The command ID of the binding being confirmed.
    647           *              status - The status of the bind operation.
    648           *
    649           * @return      none
    650           */

   \                                 In  segment BANKED_CODE, align 1, keep-with-next
    651          void zb_BindConfirm( uint16 commandId, uint8 status )
   \                     zb_BindConfirm:
    652          {
   \   000000                ; Saved register size: 0
   \   000000                ; Auto size: 0
    653          }
   \   000000   02....       LJMP    ?BRET
    654          /******************************************************************************
    655           * @fn          zb_AllowBindConfirm
    656           *
    657           * @brief       Indicates when another device attempted to bind to this device
    658           *
    659           * @param
    660           *
    661           * @return      none
    662           */

   \                                 In  segment BANKED_CODE, align 1, keep-with-next
    663          void zb_AllowBindConfirm( uint16 source )
   \                     zb_AllowBindConfirm:
    664          {
   \   000000                ; Saved register size: 0
   \   000000                ; Auto size: 0
    665          }
   \   000000   02....       LJMP    ?BRET
    666          /******************************************************************************
    667           * @fn          zb_FindDeviceConfirm
    668           *
    669           * @brief       The zb_FindDeviceConfirm callback function is called by the
    670           *              ZigBee stack when a find device operation completes.
    671           *
    672           * @param       searchType - The type of search that was performed.
    673           *              searchKey - Value that the search was executed on.
    674           *              result - The result of the search.
    675           *
    676           * @return      none
    677           */

   \                                 In  segment BANKED_CODE, align 1, keep-with-next
    678          void zb_FindDeviceConfirm( uint8 searchType, uint8 *searchKey, uint8 *result )
   \                     zb_FindDeviceConfirm:
    679          {
   \   000000                ; Saved register size: 0
   \   000000                ; Auto size: 0
    680          }
   \   000000   02....       LJMP    ?BRET
    681          

   \                                 In  segment BANKED_CODE, align 1, keep-with-next
    682          void zb_HandleOsalEvent( uint16 event )
   \                     zb_HandleOsalEvent:
    683          {
   \   000000                ; Saved register size: 0
   \   000000                ; Auto size: 0
    684          
    685          }
   \   000000   02....       LJMP    ?BRET

   \                                 In  segment XDATA_ID, align 1, keep-with-next
   \                     `?<Initializer for AppTitle>`:
   \   000000   53656E73     DB "SensorAPP"
   \            6F724150
   \            5000    

   \                                 In  segment BANK_RELAYS, align 1
   \                     ??Sys_Init?relay:
   \   000000   12....       LCALL   ?BDISPATCH
   \   000003   ......       DC24    Sys_Init

   \                                 In  segment BANK_RELAYS, align 1
   \                     ??Button_Init?relay:
   \   000000   12....       LCALL   ?BDISPATCH
   \   000003   ......       DC24    Button_Init

   \                                 In  segment BANK_RELAYS, align 1
   \                     ??Sys_ProcessEvent?relay:
   \   000000   12....       LCALL   ?BDISPATCH
   \   000003   ......       DC24    Sys_ProcessEvent

   \                                 In  segment BANK_RELAYS, align 1
   \                     ??Button_ProcessEvent?relay:
   \   000000   12....       LCALL   ?BDISPATCH
   \   000003   ......       DC24    Button_ProcessEvent

   \                                 In  segment BANK_RELAYS, align 1
   \                     ??Button_HandleKeys?relay:
   \   000000   12....       LCALL   ?BDISPATCH
   \   000003   ......       DC24    Button_HandleKeys

   \                                 In  segment BANK_RELAYS, align 1
   \                     ??Sys_MessageMSGCB?relay:
   \   000000   12....       LCALL   ?BDISPATCH
   \   000003   ......       DC24    Sys_MessageMSGCB

   \                                 In  segment BANK_RELAYS, align 1
   \                     ??zb_ReceiveDataIndication?relay:
   \   000000   12....       LCALL   ?BDISPATCH
   \   000003   ......       DC24    zb_ReceiveDataIndication

   \                                 In  segment BANK_RELAYS, align 1
   \                     ??zb_StartConfirm?relay:
   \   000000   12....       LCALL   ?BDISPATCH
   \   000003   ......       DC24    zb_StartConfirm

   \                                 In  segment BANK_RELAYS, align 1
   \                     ??zb_SendDataConfirm?relay:
   \   000000   12....       LCALL   ?BDISPATCH
   \   000003   ......       DC24    zb_SendDataConfirm

   \                                 In  segment BANK_RELAYS, align 1
   \                     ??zb_BindConfirm?relay:
   \   000000   12....       LCALL   ?BDISPATCH
   \   000003   ......       DC24    zb_BindConfirm

   \                                 In  segment BANK_RELAYS, align 1
   \                     ??zb_AllowBindConfirm?relay:
   \   000000   12....       LCALL   ?BDISPATCH
   \   000003   ......       DC24    zb_AllowBindConfirm

   \                                 In  segment BANK_RELAYS, align 1
   \                     ??zb_FindDeviceConfirm?relay:
   \   000000   12....       LCALL   ?BDISPATCH
   \   000003   ......       DC24    zb_FindDeviceConfirm

   \                                 In  segment BANK_RELAYS, align 1
   \                     ??zb_HandleOsalEvent?relay:
   \   000000   12....       LCALL   ?BDISPATCH
   \   000003   ......       DC24    zb_HandleOsalEvent

   \                                 In  segment XDATA_ROM_C, align 1
   \                     `?<Constant "bind">`:
   \   000000   62696E64     DB "bind"
   \            00      

   Maximum stack usage in bytes:

     Function                   ISTACK PSTACK XSTACK
     --------                   ------ ------ ------
     Button_HandleKeys              0      0     23
       -> zb_AllowBind              0      0     18
       -> HalLedSet                 0      0     18
       -> osal_start_timerEx        0      0     18
     Button_Init                    0      0      9
       -> afRegister                0      0     18
       -> RegisterForKeys           0      0     18
       -> ZDO_RegisterForZDOMsg     0      0     18
     Button_ProcessEvent            0      0     14
       -> osal_msg_receive          0      0     28
       -> Button_HandleKeys         0      0     28
       -> osal_msg_deallocate       0      0     28
       -> osal_msg_receive          0      0     28
     Sys_Init                       0      0      9
       -> afRegister                0      0     18
       -> HalLedSet                 0      0     18
       -> HalLedSet                 0      0     18
       -> HalLedSet                 0      0     18
       -> HalLedSet                 0      0     18
     Sys_MessageMSGCB               0      0     30
       -> memcpy                    0      0     32
       -> strcmp                    0      0     28
       -> HalLedSet                 0      0     28
       -> osal_start_timerEx        0      0     28
     Sys_ProcessEvent               0      0     14
       -> osal_msg_receive          0      0     28
       -> osal_msg_deallocate       0      0     28
       -> osal_msg_receive          0      0     28
       -> Sys_MessageMSGCB          0      0     28
       -> HalLedSet                 0      0     28
     zb_AllowBindConfirm            0      0      0
     zb_BindConfirm                 0      0      0
     zb_FindDeviceConfirm           0      0      0
     zb_HandleOsalEvent             0      0      0
     zb_ReceiveDataIndication       2      0      4
       -> HalLedSet                 4      0      0
     zb_SendDataConfirm             0      0      0
     zb_StartConfirm                0      0      9
       -> HalLedSet                 0      0     18


   Segment part sizes:

     Function/Label                   Bytes
     --------------                   -----
     AppTitle                           10
     Sys_ClusterList                     2
     Button_ClusterList                  4
     Zb_ClusterList                      8
     Sys_SimpleDesc                     12
     Button_SimpleDesc                  12
     zb_SimpleDesc                      12
     Sys_epDesc                          6
     Button_epDesc                       6
     myAppState                          1
     keys_shift                          1
     Sys_TaskID                          1
     Button_TaskID                       1
     SensorSys_NwkState                  1
     SensorSys_TransID                   1
     Broadcast_DstAddr                  12
     Button_DstAddr                     12
     Sys_Init                           91
     ?Subroutine0                        5
     Button_Init                        88
     Sys_ProcessEvent                  112
     ?Subroutine1                        5
     ?Subroutine2                       14
     Button_ProcessEvent                65
     Button_HandleKeys                  39
     ?Subroutine4                       16
     Sys_MessageMSGCB                  136
     ?Subroutine3                       12
     zb_ReceiveDataIndication           26
     zb_StartConfirm                    26
     zb_SendDataConfirm                  3
     zb_BindConfirm                      3
     zb_AllowBindConfirm                 3
     zb_FindDeviceConfirm                3
     zb_HandleOsalEvent                  3
     ?<Initializer for AppTitle>        10
     ??Sys_Init?relay                    6
     ??Button_Init?relay                 6
     ??Sys_ProcessEvent?relay            6
     ??Button_ProcessEvent?relay         6
     ??Button_HandleKeys?relay           6
     ??Sys_MessageMSGCB?relay            6
     ??zb_ReceiveDataIndication?relay    6
     ??zb_StartConfirm?relay             6
     ??zb_SendDataConfirm?relay          6
     ??zb_BindConfirm?relay              6
     ??zb_AllowBindConfirm?relay         6
     ??zb_FindDeviceConfirm?relay        6
     ??zb_HandleOsalEvent?relay          6
     ?<Constant "bind">                  5

 
 650 bytes in segment BANKED_CODE
  78 bytes in segment BANK_RELAYS
  10 bytes in segment XDATA_I
  10 bytes in segment XDATA_ID
  55 bytes in segment XDATA_ROM_C
  42 bytes in segment XDATA_Z
 
 738 bytes of CODE  memory
  55 bytes of CONST memory
  52 bytes of XDATA memory

Errors: none
Warnings: 1
