###############################################################################
#                                                                             #
# IAR C/C++ Compiler V8.10.3.10338/W32 for 8051         30/Aug/2017  22:10:24 #
# Copyright 2004-2011 IAR Systems AB.                                         #
#                                                                             #
#    Core               =  plain                                              #
#    Code model         =  banked                                             #
#    Data model         =  large                                              #
#    Calling convention =  xdata reentrant                                    #
#    Constant location  =  data_rom                                           #
#    Dptr setup         =  1,16                                               #
#    Source file        =  D:\ProgramData\Hardware\zigbee\Projects\zstack\Sam #
#                          ples\SensorSys\Source\SensorSys_Coordinator.c      #
#    Command line       =  -f D:\ProgramData\Hardware\zigbee\Projects\zstack\ #
#                          Samples\SensorSys\CC2530DB\..\..\..\Tools\CC2530DB #
#                          \f8wCoord.cfg (-DCPU32MHZ -DROOT=__near_func       #
#                          -DMAC_CFG_APP_PENDING_QUEUE=TRUE                   #
#                          -DMAC_CFG_TX_DATA_MAX=5 -DMAC_CFG_TX_MAX=8         #
#                          -DMAC_CFG_RX_MAX=5 -DZDO_COORDINATOR -DRTR_NWK)    #
#                          -f D:\ProgramData\Hardware\zigbee\Projects\zstack\ #
#                          Samples\SensorSys\CC2530DB\..\..\..\Tools\CC2530DB #
#                          \f8wConfig.cfg (-DZIGBEEPRO -DSECURE=0             #
#                          -DZG_SECURE_DYNAMIC=0 -DREFLECTOR                  #
#                          -DDEFAULT_CHANLIST=0x00000800                      #
#                          -DZDAPP_CONFIG_PAN_ID=0xFFF1                       #
#                          -DNWK_START_DELAY=100 -DEXTENDED_JOINING_RANDOM_MA #
#                          SK=0x007F -DBEACON_REQUEST_DELAY=100               #
#                          -DBEACON_REQ_DELAY_MASK=0x00FF                     #
#                          -DLINK_STATUS_JITTER_MASK=0x007F                   #
#                          -DROUTE_EXPIRY_TIME=30 -DAPSC_ACK_WAIT_DURATION_PO #
#                          LLED=3000 -DNWK_INDIRECT_MSG_TIMEOUT=7             #
#                          -DMAX_RREQ_ENTRIES=8 -DAPSC_MAX_FRAME_RETRIES=3    #
#                          -DNWK_MAX_DATA_RETRIES=2                           #
#                          -DMAX_POLL_FAILURE_RETRIES=2 -DMAX_BCAST=9         #
#                          -DAPS_MAX_GROUPS=16 -DMAX_RTG_ENTRIES=40           #
#                          -DNWK_MAX_BINDING_ENTRIES=4                        #
#                          -DMAX_BINDING_CLUSTER_IDS=4 "-DDEFAULT_KEY={0x01,  #
#                          0x03, 0x05, 0x07, 0x09, 0x0B, 0x0D, 0x0F, 0x00,    #
#                          0x02, 0x04, 0x06, 0x08, 0x0A, 0x0C, 0x0D}"         #
#                          -DMAC_MAX_FRAME_SIZE=116                           #
#                          -DZDNWKMGR_MIN_TRANSMISSIONS=20 "-DCONST=const     #
#                          __code" -DGENERIC=__generic                        #
#                          -DRFD_RCVC_ALWAYS_ON=FALSE -DPOLL_RATE=1000        #
#                          -DQUEUED_POLL_RATE=100 -DRESPONSE_POLL_RATE=100)   #
#                          -DREJOIN_POLL_RATE=440 D:\ProgramData\Hardware\zig #
#                          bee\Projects\zstack\Samples\SensorSys\Source\Senso #
#                          rSys_Coordinator.c -D HOLD_AUTO_START -D           #
#                          BUILD_ALL_DEVICES -D REFLECTOR -D NV_INIT -D       #
#                          xNV_RESTORE -D xZTOOL_P1 -D xMT_TASK -D            #
#                          xMT_SYS_FUNC -D xMT_SAPI_FUNC -D xMT_SAPI_CB_FUNC  #
#                          -lC D:\ProgramData\Hardware\zigbee\Projects\zstack #
#                          \Samples\SensorSys\CC2530DB\CoordinatorEB\List\    #
#                          -lA D:\ProgramData\Hardware\zigbee\Projects\zstack #
#                          \Samples\SensorSys\CC2530DB\CoordinatorEB\List\    #
#                          --diag_suppress Pe001,Pa010 -o                     #
#                          D:\ProgramData\Hardware\zigbee\Projects\zstack\Sam #
#                          ples\SensorSys\CC2530DB\CoordinatorEB\Obj\ -e      #
#                          --no_code_motion --debug --core=plain --dptr=16,1  #
#                          --data_model=large --code_model=banked             #
#                          --calling_convention=xdata_reentrant               #
#                          --place_constants=data_rom --nr_virtual_regs 16    #
#                          -I D:\ProgramData\Hardware\zigbee\Projects\zstack\ #
#                          Samples\SensorSys\CC2530DB\ -I                     #
#                          D:\ProgramData\Hardware\zigbee\Projects\zstack\Sam #
#                          ples\SensorSys\CC2530DB\..\Source\ -I              #
#                          D:\ProgramData\Hardware\zigbee\Projects\zstack\Sam #
#                          ples\SensorSys\CC2530DB\..\..\..\ZMain\TI2530DB\   #
#                          -I D:\ProgramData\Hardware\zigbee\Projects\zstack\ #
#                          Samples\SensorSys\CC2530DB\..\..\..\..\..\Componen #
#                          ts\hal\include\ -I D:\ProgramData\Hardware\zigbee\ #
#                          Projects\zstack\Samples\SensorSys\CC2530DB\..\..\. #
#                          .\..\..\Components\hal\target\CC2530EB\ -I         #
#                          D:\ProgramData\Hardware\zigbee\Projects\zstack\Sam #
#                          ples\SensorSys\CC2530DB\..\..\..\..\..\Components\ #
#                          mac\include\ -I D:\ProgramData\Hardware\zigbee\Pro #
#                          jects\zstack\Samples\SensorSys\CC2530DB\..\..\..\. #
#                          .\..\Components\mac\high_level\ -I                 #
#                          D:\ProgramData\Hardware\zigbee\Projects\zstack\Sam #
#                          ples\SensorSys\CC2530DB\..\..\..\..\..\Components\ #
#                          mac\low_level\srf04\ -I D:\ProgramData\Hardware\zi #
#                          gbee\Projects\zstack\Samples\SensorSys\CC2530DB\.. #
#                          \..\..\..\..\Components\mac\low_level\srf04\single #
#                          _chip\ -I D:\ProgramData\Hardware\zigbee\Projects\ #
#                          zstack\Samples\SensorSys\CC2530DB\..\..\..\..\..\C #
#                          omponents\mt\ -I D:\ProgramData\Hardware\zigbee\Pr #
#                          ojects\zstack\Samples\SensorSys\CC2530DB\..\..\..\ #
#                          ..\..\Components\osal\include\ -I                  #
#                          D:\ProgramData\Hardware\zigbee\Projects\zstack\Sam #
#                          ples\SensorSys\CC2530DB\..\..\..\..\..\Components\ #
#                          services\saddr\ -I D:\ProgramData\Hardware\zigbee\ #
#                          Projects\zstack\Samples\SensorSys\CC2530DB\..\..\. #
#                          .\..\..\Components\services\sdata\ -I              #
#                          D:\ProgramData\Hardware\zigbee\Projects\zstack\Sam #
#                          ples\SensorSys\CC2530DB\..\..\..\..\..\Components\ #
#                          stack\af\ -I D:\ProgramData\Hardware\zigbee\Projec #
#                          ts\zstack\Samples\SensorSys\CC2530DB\..\..\..\..\. #
#                          .\Components\stack\nwk\ -I                         #
#                          D:\ProgramData\Hardware\zigbee\Projects\zstack\Sam #
#                          ples\SensorSys\CC2530DB\..\..\..\..\..\Components\ #
#                          stack\sapi\ -I D:\ProgramData\Hardware\zigbee\Proj #
#                          ects\zstack\Samples\SensorSys\CC2530DB\..\..\..\.. #
#                          \..\Components\stack\sec\ -I                       #
#                          D:\ProgramData\Hardware\zigbee\Projects\zstack\Sam #
#                          ples\SensorSys\CC2530DB\..\..\..\..\..\Components\ #
#                          stack\sys\ -I D:\ProgramData\Hardware\zigbee\Proje #
#                          cts\zstack\Samples\SensorSys\CC2530DB\..\..\..\..\ #
#                          ..\Components\stack\zdo\ -I                        #
#                          D:\ProgramData\Hardware\zigbee\Projects\zstack\Sam #
#                          ples\SensorSys\CC2530DB\..\..\..\..\..\Components\ #
#                          zmac\ -I D:\ProgramData\Hardware\zigbee\Projects\z #
#                          stack\Samples\SensorSys\CC2530DB\..\..\..\..\..\Co #
#                          mponents\zmac\f8w\ -Ohz --require_prototypes       #
#    List file          =  D:\ProgramData\Hardware\zigbee\Projects\zstack\Sam #
#                          ples\SensorSys\CC2530DB\CoordinatorEB\List\SensorS #
#                          ys_Coordinator.lst                                 #
#    Object file        =  D:\ProgramData\Hardware\zigbee\Projects\zstack\Sam #
#                          ples\SensorSys\CC2530DB\CoordinatorEB\Obj\SensorSy #
#                          s_Coordinator.r51                                  #
#                                                                             #
#                                                                             #
###############################################################################

D:\ProgramData\Hardware\zigbee\Projects\zstack\Samples\SensorSys\Source\SensorSys_Coordinator.c
      1          /**************************************************************************************************
      2            Filename:       Sys.c
      3            Revised:        $Date: 2009-03-18 15:56:27 -0700 (Wed, 18 Mar 2009) $
      4            Revision:       $Revision: 19453 $
      5          
      6            Description:    Generic Application (no Profile).
      7          
      8          
      9            Copyright 2004-2009 Texas Instruments Incorporated. All rights reserved.
     10          
     11            IMPORTANT: Your use of this Software is limited to those specific rights
     12            granted under the terms of a software license agreement between the user
     13            who downloaded the software, his/her employer (which must be your employer)
     14            and Texas Instruments Incorporated (the "License").  You may not use this
     15            Software unless you agree to abide by the terms of the License. The License
     16            limits your use, and you acknowledge, that the Software may not be modified,
     17            copied or distributed unless embedded on a Texas Instruments microcontroller
     18            or used solely and exclusively in conjunction with a Texas Instruments radio
     19            frequency transceiver, which is integrated into your product.  Other than for
     20            the foregoing purpose, you may not use, reproduce, copy, prepare derivative
     21            works of, modify, distribute, perform, display or sell this Software and/or
     22            its documentation for any purpose.
     23          
     24            YOU FURTHER ACKNOWLEDGE AND AGREE THAT THE SOFTWARE AND DOCUMENTATION ARE
     25            PROVIDED 揂S IS?WITHOUT WARRANTY OF ANY KIND, EITHER EXPRESS OR IMPLIED, 
     26            INCLUDING WITHOUT LIMITATION, ANY WARRANTY OF MERCHANTABILITY, TITLE, 
     27            NON-INFRINGEMENT AND FITNESS FOR A PARTICULAR PURPOSE. IN NO EVENT SHALL
     28            TEXAS INSTRUMENTS OR ITS LICENSORS BE LIABLE OR OBLIGATED UNDER CONTRACT,
     29            NEGLIGENCE, STRICT LIABILITY, CONTRIBUTION, BREACH OF WARRANTY, OR OTHER
     30            LEGAL EQUITABLE THEORY ANY DIRECT OR INDIRECT DAMAGES OR EXPENSES
     31            INCLUDING BUT NOT LIMITED TO ANY INCIDENTAL, SPECIAL, INDIRECT, PUNITIVE
     32            OR CONSEQUENTIAL DAMAGES, LOST PROFITS OR LOST DATA, COST OF PROCUREMENT
     33            OF SUBSTITUTE GOODS, TECHNOLOGY, SERVICES, OR ANY CLAIMS BY THIRD PARTIES
     34            (INCLUDING BUT NOT LIMITED TO ANY DEFENSE THEREOF), OR OTHER SIMILAR COSTS.
     35          
     36            Should you have any questions regarding your right to use this Software,
     37            contact Texas Instruments Incorporated at www.TI.com. 
     38          **************************************************************************************************/
     39          
     40          /*********************************************************************
     41            This application isn't intended to do anything useful, it is
     42            intended to be a simple example of an application's structure.
     43          
     44            This application sends "Hello World" to another "Generic"
     45            application every 15 seconds.  The application will also
     46            receive "Hello World" packets.
     47          
     48            The "Hello World" messages are sent/received as MSG type message.
     49          
     50            This applications doesn't have a profile, so it handles everything
     51            directly - itself.
     52          
     53            Key control:
     54              SW1:
     55              SW2:  initiates end device binding
     56              SW3:
     57              SW4:  initiates a match description request
     58          *********************************************************************/
     59          
     60          /*********************************************************************
     61           * INCLUDES
     62           */
     63          #include "OSAL.h"
     64          #include "AF.h"
     65          #include "ZDApp.h"
     66          #include "ZDObject.h"
     67          #include "ZDProfile.h"
     68          #include "sapi.h"
     69          
     70          #include "SensorSys.h"
     71          #include "DebugTrace.h"
     72          
     73          #if !defined( WIN32 )
     74            #include "OnBoard.h"
     75          #endif
     76          
     77          /* HAL */
     78          #include "hal_led.h"
     79          #include "hal_key.h"
     80          #include "hal_uart.h"
     81          
     82          /*********************************************************************
     83           * MACROS
     84           */
     85          
     86          /*********************************************************************
     87           * CONSTANTS
     88           */
     89          
     90          /*********************************************************************
     91           * TYPEDEFS
     92           */
     93          
     94          /*********************************************************************
     95           * GLOBAL VARIABLES
     96           */

   \                                 In  segment XDATA_I, align 1, keep-with-next
     97          uint8 AppTitle[]="SensorAPP"; //应用程序名称
   \                     AppTitle:
   \   000000                DS 10
   \   00000A                REQUIRE `?<Initializer for AppTitle>`
   \   00000A                REQUIRE __INIT_XDATA_I
     98          
     99          // Sys 端点的簇ID
    100          // This list should be filled with Application specific Cluster IDs.

   \                                 In  segment XDATA_ROM_C, align 1
    101          const cId_t Sys_ClusterList[SYS_MAX_CLUSTERS] =
   \                     Sys_ClusterList:
   \   000000   0100         DW 1
    102          {
    103            SYS_CLUSTERID
    104          };
    105          
    106          // Button 端点的簇ID
    107          // This list should be filled with Application specific Cluster IDs.

   \                                 In  segment XDATA_ROM_C, align 1
    108          const cId_t Button_ClusterList[BUTTON_MAX_CLUSTERS] =
   \                     Button_ClusterList:
   \   000000   0300         DW 3
   \   000002   0000         DW 0
    109          {
    110            BUTTON_CLUSTERID
    111          };
    112          

   \                                 In  segment XDATA_ROM_C, align 1
    113          const cId_t Zb_ClusterList[ZB_MAX_CLUSTERS] =
   \                     Zb_ClusterList:
   \   000000   0200         DW 2
   \   000002   0000         DW 0
   \   000004   0000         DW 0
   \   000006   0000         DW 0
    114          {
    115            ZB_CLUSTERID
    116          };
    117          
    118          // Sys 端点简单描述符

   \                                 In  segment XDATA_ROM_C, align 1
    119          const SimpleDescriptionFormat_t Sys_SimpleDesc =
   \                     Sys_SimpleDesc:
   \   000000   02           DB 2
   \   000001   040F         DW 3844
   \   000003   0100         DW 1
   \   000005   00           DB 0
   \   000006   01           DB 1
   \   000007   ....         DW Sys_ClusterList
   \   000009   00           DB 0
   \   00000A   0000         DW 0H
    120          {
    121          	SYS_ENDPOINT,           //  int Endpoint;
    122          	SYS_PROFID,                //  uint16 AppProfId[2];
    123          	SYS_DEVICEID,              //  uint16 AppDeviceId[2];
    124          	SYS_DEVICE_VERSION,        //  int   AppDevVer:4;
    125          	SYS_FLAGS,                 //  int   AppFlags:4;
    126          	SYS_MAX_CLUSTERS,          //  byte  AppNumInClusters;
    127          	(cId_t *)Sys_ClusterList,  //  byte *pAppInClusterList;
    128          	0,                         //  byte  AppNumInClusters;
    129          	NULL   //  byte *pAppInClusterList;
    130          };
    131          
    132          // Button 端点简单描述符

   \                                 In  segment XDATA_ROM_C, align 1
    133          const SimpleDescriptionFormat_t Button_SimpleDesc =
   \                     Button_SimpleDesc:
   \   000000   0A           DB 10
   \   000001   040F         DW 3844
   \   000003   0100         DW 1
   \   000005   00           DB 0
   \   000006   02           DB 2
   \   000007   ....         DW Button_ClusterList
   \   000009   02           DB 2
   \   00000A   ....         DW Button_ClusterList
    134          {
    135          	BUTTON_ENDPOINT,           //  int Endpoint;
    136          	SYS_PROFID,                //  uint16 AppProfId[2];
    137          	SYS_DEVICEID,              //  uint16 AppDeviceId[2];
    138          	SYS_DEVICE_VERSION,        //  int   AppDevVer:4;
    139          	SYS_FLAGS,                 //  int   AppFlags:4;
    140          	BUTTON_MAX_CLUSTERS,          //  byte  AppNumInClusters;
    141          	(cId_t *)Button_ClusterList,  //  byte *pAppInClusterList;
    142          	BUTTON_MAX_CLUSTERS,          //  byte  AppNumInClusters;
    143          	(cId_t *)Button_ClusterList   //  byte *pAppInClusterList;
    144          };
    145          

   \                                 In  segment XDATA_ROM_C, align 1
    146          const SimpleDescriptionFormat_t zb_SimpleDesc =
   \                     zb_SimpleDesc:
   \   000000   03           DB 3
   \   000001   040F         DW 3844
   \   000003   0100         DW 1
   \   000005   00           DB 0
   \   000006   04           DB 4
   \   000007   ....         DW Zb_ClusterList
   \   000009   04           DB 4
   \   00000A   ....         DW Zb_ClusterList
    147          {
    148          	ZB_ENDPOINT,           //  int Endpoint;
    149          	SYS_PROFID,                //  uint16 AppProfId[2];
    150          	SYS_DEVICEID,              //  uint16 AppDeviceId[2];
    151          	SYS_DEVICE_VERSION,        //  int   AppDevVer:4;
    152          	SYS_FLAGS,                 //  int   AppFlags:4;
    153          	ZB_MAX_CLUSTERS,          //  byte  AppNumInClusters;
    154          	(cId_t *)Zb_ClusterList,  //  byte *pAppInClusterList;
    155          	ZB_MAX_CLUSTERS,          //  byte  AppNumInClusters;
    156          	(cId_t *)Zb_ClusterList   //  byte *pAppInClusterList;
    157          };
    158          
    159          // This is the Endpoint/Interface description.  It is defined here, but
    160          // filled-in in Button_Init().  Another way to go would be to fill
    161          // in the structure here and make it a "const" (in code space).  The
    162          // way it's defined in this sample app it is define in RAM.

   \                                 In  segment XDATA_Z, align 1, keep-with-next
    163          endPointDesc_t Sys_epDesc;
   \                     Sys_epDesc:
   \   000000                DS 6
   \   000006                REQUIRE __INIT_XDATA_Z

   \                                 In  segment XDATA_Z, align 1, keep-with-next
    164          endPointDesc_t Button_epDesc;
   \                     Button_epDesc:
   \   000000                DS 6
   \   000006                REQUIRE __INIT_XDATA_Z
    165          
    166          /*********************************************************************
    167           * EXTERNAL VARIABLES
    168           */
    169          
    170          /*********************************************************************
    171           * EXTERNAL FUNCTIONS
    172           */
    173          
    174          /*********************************************************************
    175           * LOCAL VARIABLES
    176           */

   \                                 In  segment XDATA_Z, align 1, keep-with-next
    177          static uint8 myAppState = APP_INIT;
                              ^
Warning[Pe550]: variable "myAppState" was set but never used
   \                     myAppState:
   \   000000                DS 1
   \   000001                REQUIRE __INIT_XDATA_Z
    178          

   \                                 In  segment XDATA_Z, align 1, keep-with-next
    179          static byte type_join;
   \                     type_join:
   \   000000                DS 1
   \   000001                REQUIRE __INIT_XDATA_Z
    180          

   \                                 In  segment XDATA_Z, align 1, keep-with-next
    181          byte Sys_TaskID;
   \                     Sys_TaskID:
   \   000000                DS 1
   \   000001                REQUIRE __INIT_XDATA_Z

   \                                 In  segment XDATA_Z, align 1, keep-with-next
    182          byte Button_TaskID;   // Task ID for internal task/event processing
   \                     Button_TaskID:
   \   000000                DS 1
   \   000001                REQUIRE __INIT_XDATA_Z
    183                                  // This variable will be received when
    184                                  // Button_Init() is called.
    185          

   \                                 In  segment XDATA_Z, align 1, keep-with-next
    186          devStates_t Sys_NwkState;   // 节点现在的网络状态
   \                     Sys_NwkState:
   \   000000                DS 1
   \   000001                REQUIRE __INIT_XDATA_Z
    187          
    188          

   \                                 In  segment XDATA_Z, align 1, keep-with-next
    189          byte Sys_TransID;  // 数据包的发送ID，每发一个自增1
   \                     Sys_TransID:
   \   000000                DS 1
   \   000001                REQUIRE __INIT_XDATA_Z
    190          

   \                                 In  segment XDATA_Z, align 1, keep-with-next
    191          afAddrType_t Broadcast_DstAddr;
   \                     Broadcast_DstAddr:
   \   000000                DS 12
   \   00000C                REQUIRE __INIT_XDATA_Z

   \                                 In  segment XDATA_Z, align 1, keep-with-next
    192          afAddrType_t Button_DstAddr;
   \                     Button_DstAddr:
   \   000000                DS 12
   \   00000C                REQUIRE __INIT_XDATA_Z
    193          

   \                                 In  segment XDATA_Z, align 1, keep-with-next
    194          static uint8 sysSeqNumber = 0;    // 在端点间数据交流时被使用zb_SendDataRequest
   \                     sysSeqNumber:
   \   000000                DS 1
   \   000001                REQUIRE __INIT_XDATA_Z
    195          
    196          /*********************************************************************
    197           * LOCAL FUNCTIONS
    198           */
    199          void Sys_Init( byte task_id );
    200          void Button_Init( byte task_id );
    201          
    202          UINT16 Sys_ProcessEvent( byte task_id, UINT16 events );
    203          void Sys_ProcessZDOMsgs( zdoIncomingMsg_t *inMsg, byte task_id );
    204          void Button_HandleKeys( byte shift, byte keys );
    205          void Sys_MessageMSGCB( afIncomingMSGPacket_t *pckt, byte task_id );
    206          void Sys_SendPreBindMessage( byte type_id );
    207          
    208          /*********************************************************************
    209           * NETWORK LAYER CALLBACKS
    210           */
    211          
    212          /*********************************************************************
    213           * PUBLIC FUNCTIONS
    214           */
    215          
    216          /*********************************************************************
    217           * @fn      Sys_Init
    218           *
    219           * @brief   Initialization function for the Generic App Task.
    220           *          This is called during initialization and should contain
    221           *          any application specific initialization (ie. hardware
    222           *          initialization/setup, table initialization, power up
    223           *          notificaiton ... ).
    224           *
    225           * @param   task_id - the ID assigned by OSAL.  This ID should be
    226           *                    used to send messages and set timers.
    227           *
    228           * @return  none
    229           */

   \                                 In  segment BANKED_CODE, align 1, keep-with-next
    230          void Sys_Init( byte task_id )
   \                     Sys_Init:
    231          {
   \   000000   74F7         MOV     A,#-0x9
   \   000002   12....       LCALL   ?BANKED_ENTER_XDATA
   \   000005                ; Saved register size: 9
   \   000005                ; Auto size: 0
   \   000005   E9           MOV     A,R1
    232            Sys_TaskID = task_id;
   \   000006   90....       MOV     DPTR,#Sys_TaskID
   \   000009   F0           MOVX    @DPTR,A
    233          
    234            // Device hardware initialization can be added here or in main() (Zmain.c).
    235            // If the hardware is application specific - add it here.
    236            // If the hardware is other parts of the device add it in main().
    237          
    238            Broadcast_DstAddr.addrMode = (afAddrMode_t)AddrBroadcast;
   \   00000A   90....       MOV     DPTR,#Broadcast_DstAddr + 8
   \   00000D   740F         MOV     A,#0xf
   \   00000F   F0           MOVX    @DPTR,A
    239            Broadcast_DstAddr.endPoint = SYS_ENDPOINT;
   \   000010   A3           INC     DPTR
   \   000011   7402         MOV     A,#0x2
   \   000013   F0           MOVX    @DPTR,A
    240            Broadcast_DstAddr.addr.shortAddr = 0xFFFF;
   \   000014   90....       MOV     DPTR,#Broadcast_DstAddr
   \   000017   74FF         MOV     A,#-0x1
   \   000019   F0           MOVX    @DPTR,A
   \   00001A   A3           INC     DPTR
   \   00001B   F0           MOVX    @DPTR,A
    241          
    242            // Fill out the endpoint description.
    243            Sys_epDesc.endPoint = SYS_ENDPOINT;
   \   00001C   90....       MOV     DPTR,#Sys_epDesc
   \   00001F   7402         MOV     A,#0x2
   \   000021   F0           MOVX    @DPTR,A
    244            Sys_epDesc.task_id = &Sys_TaskID;
   \   000022   A3           INC     DPTR
   \   000023   74..         MOV     A,#Sys_TaskID & 0xff
   \   000025   F0           MOVX    @DPTR,A
   \   000026   A3           INC     DPTR
   \   000027   74..         MOV     A,#(Sys_TaskID >> 8) & 0xff
   \   000029   F0           MOVX    @DPTR,A
    245            Sys_epDesc.simpleDesc
    246                      = (SimpleDescriptionFormat_t *)&Sys_SimpleDesc;
   \   00002A   A3           INC     DPTR
   \   00002B   74..         MOV     A,#Sys_SimpleDesc & 0xff
   \   00002D   F0           MOVX    @DPTR,A
   \   00002E   A3           INC     DPTR
   \   00002F   74..         MOV     A,#(Sys_SimpleDesc >> 8) & 0xff
   \   000031   F0           MOVX    @DPTR,A
    247            Sys_epDesc.latencyReq = noLatencyReqs;
   \   000032   A3           INC     DPTR
   \   000033   E4           CLR     A
   \   000034   F0           MOVX    @DPTR,A
    248          
    249            // Register the endpoint description with the AF
    250            afRegister( &Sys_epDesc );
   \   000035                ; Setup parameters for call to function afRegister
   \   000035   7A..         MOV     R2,#Sys_epDesc & 0xff
   \   000037   7B..         MOV     R3,#(Sys_epDesc >> 8) & 0xff
   \   000039   12....       LCALL   ??afRegister?relay
    251          
    252          
    253            HalLedSet ( HAL_LED_1, HAL_LED_MODE_ON );
   \   00003C                ; Setup parameters for call to function HalLedSet
   \   00003C   7A01         MOV     R2,#0x1
   \   00003E   7901         MOV     R1,#0x1
   \   000040   12....       LCALL   ??HalLedSet?relay
    254            HalLedSet ( HAL_LED_2, HAL_LED_MODE_ON );
   \   000043                ; Setup parameters for call to function HalLedSet
   \   000043   7A01         MOV     R2,#0x1
   \   000045   7902         MOV     R1,#0x2
   \   000047   12....       LCALL   ??HalLedSet?relay
    255            HalLedSet ( HAL_LED_3, HAL_LED_MODE_ON );
   \   00004A                ; Setup parameters for call to function HalLedSet
   \   00004A   7A01         MOV     R2,#0x1
   \   00004C   7904         MOV     R1,#0x4
   \   00004E   12....       LCALL   ??HalLedSet?relay
    256            HalLedSet ( HAL_LED_4, HAL_LED_MODE_ON );
   \   000051                ; Setup parameters for call to function HalLedSet
   \   000051   7A01         MOV     R2,#0x1
   \   000053   7908         MOV     R1,#0x8
   \   000055   12....       LCALL   ??HalLedSet?relay
    257          
    258            // To Update the display...
    259          }
   \   000058                REQUIRE ?Subroutine0
   \   000058                ; // Fall through to label ?Subroutine0

   \                                 In  segment BANKED_CODE, align 1, keep-with-next
   \                     ?Subroutine0:
   \   000000   7F01         MOV     R7,#0x1
   \   000002   02....       LJMP    ?BANKED_LEAVE_XDATA
    260          
    261          /*********************************************************************
    262           * @fn      Button_Init
    263           *
    264           * @brief   Initialization function for the Generic App Task.
    265           *          This is called during initialization and should contain
    266           *          any application specific initialization (ie. hardware
    267           *          initialization/setup, table initialization, power up
    268           *          notificaiton ... ).
    269           *
    270           * @param   task_id - the ID assigned by OSAL.  This ID should be
    271           *                    used to send messages and set timers.
    272           *
    273           * @return  none
    274           */

   \                                 In  segment BANKED_CODE, align 1, keep-with-next
    275          void Button_Init( byte task_id )
   \                     Button_Init:
    276          {
   \   000000   74F7         MOV     A,#-0x9
   \   000002   12....       LCALL   ?BANKED_ENTER_XDATA
   \   000005                ; Saved register size: 9
   \   000005                ; Auto size: 0
   \   000005   E9           MOV     A,R1
    277            Button_TaskID = task_id;
   \   000006   90....       MOV     DPTR,#Button_TaskID
   \   000009   F0           MOVX    @DPTR,A
    278          
    279            // Device hardware initialization can be added here or in main() (Zmain.c).
    280            // If the hardware is application specific - add it here.
    281            // If the hardware is other parts of the device add it in main().
    282          
    283            Button_DstAddr.addrMode = (afAddrMode_t)AddrNotPresent;
   \   00000A   90....       MOV     DPTR,#Button_DstAddr + 8
   \   00000D   E4           CLR     A
   \   00000E   F0           MOVX    @DPTR,A
    284            Button_DstAddr.endPoint = 0;
   \   00000F   A3           INC     DPTR
   \   000010   F0           MOVX    @DPTR,A
    285            Button_DstAddr.addr.shortAddr = 0;
   \   000011   90....       MOV     DPTR,#Button_DstAddr
   \   000014   F0           MOVX    @DPTR,A
   \   000015   A3           INC     DPTR
   \   000016   F0           MOVX    @DPTR,A
    286          
    287            // Fill out the endpoint description.
    288            Button_epDesc.endPoint = BUTTON_ENDPOINT;
   \   000017   90....       MOV     DPTR,#Button_epDesc
   \   00001A   740A         MOV     A,#0xa
   \   00001C   F0           MOVX    @DPTR,A
    289            Button_epDesc.task_id = &Button_TaskID;
   \   00001D   A3           INC     DPTR
   \   00001E   74..         MOV     A,#Button_TaskID & 0xff
   \   000020   F0           MOVX    @DPTR,A
   \   000021   A3           INC     DPTR
   \   000022   74..         MOV     A,#(Button_TaskID >> 8) & 0xff
   \   000024   F0           MOVX    @DPTR,A
    290            Button_epDesc.simpleDesc
    291                      = (SimpleDescriptionFormat_t *)&Button_SimpleDesc;
   \   000025   A3           INC     DPTR
   \   000026   74..         MOV     A,#Button_SimpleDesc & 0xff
   \   000028   F0           MOVX    @DPTR,A
   \   000029   A3           INC     DPTR
   \   00002A   74..         MOV     A,#(Button_SimpleDesc >> 8) & 0xff
   \   00002C   F0           MOVX    @DPTR,A
    292            Button_epDesc.latencyReq = noLatencyReqs;
   \   00002D   A3           INC     DPTR
   \   00002E   E4           CLR     A
   \   00002F   F0           MOVX    @DPTR,A
    293          
    294            // Register the endpoint description with the AF
    295            afRegister( &Button_epDesc );
   \   000030                ; Setup parameters for call to function afRegister
   \   000030   7A..         MOV     R2,#Button_epDesc & 0xff
   \   000032   7B..         MOV     R3,#(Button_epDesc >> 8) & 0xff
   \   000034   12....       LCALL   ??afRegister?relay
    296          
    297            // Register for all key events - This app will handle all key events
    298            RegisterForKeys( Button_TaskID );
   \   000037                ; Setup parameters for call to function RegisterForKeys
   \   000037   90....       MOV     DPTR,#Button_TaskID
   \   00003A   E0           MOVX    A,@DPTR
   \   00003B   F9           MOV     R1,A
   \   00003C   12....       LCALL   ??RegisterForKeys?relay
    299          
    300            // To Update the display...
    301           
    302            ZDO_RegisterForZDOMsg( Button_TaskID, Match_Desc_rsp );
   \   00003F                ; Setup parameters for call to function ZDO_RegisterForZDOMsg
   \   00003F   7A06         MOV     R2,#0x6
   \   000041   7B80         MOV     R3,#-0x80
   \   000043   90....       MOV     DPTR,#Button_TaskID
   \   000046   E0           MOVX    A,@DPTR
   \   000047   F9           MOV     R1,A
   \   000048   12....       LCALL   ??ZDO_RegisterForZDOMsg?relay
    303          }
   \   00004B   80..         SJMP    ?Subroutine0
    304          
    305          /*********************************************************************
    306           * @fn      Sys_ProcessEvent
    307           *
    308           * @brief   Generic Application Task event processor.  This function
    309           *          is called to process all events for the task.  Events
    310           *          include timers, messages and any other user defined events.
    311           *
    312           * @param   task_id  - The OSAL assigned task ID.
    313           * @param   events - events to process.  This is a bit map and can
    314           *                   contain more than one event.
    315           *
    316           * @return  none
    317           */

   \                                 In  segment BANKED_CODE, align 1, keep-with-next
    318          UINT16 Sys_ProcessEvent( byte task_id, UINT16 events )
   \                     Sys_ProcessEvent:
    319          {
   \   000000   74F2         MOV     A,#-0xe
   \   000002   12....       LCALL   ?BANKED_ENTER_XDATA
   \   000005                ; Saved register size: 14
   \   000005                ; Auto size: 0
   \   000005   89..         MOV     ?V0 + 2,R1
   \   000007   8A..         MOV     ?V0 + 0,R2
   \   000009   8B..         MOV     ?V0 + 1,R3
    320            afIncomingMSGPacket_t *MSGpkt = NULL;
    321            afDataConfirm_t *afDataConfirm;
    322          
    323            // Data Confirmation message fields
    324            byte sentEP;
    325            ZStatus_t sentStatus;
    326            byte sentTransID;       // This should match the value sent
    327            (void)task_id;  // Intentionally unreferenced parameter
    328          
    329            if ( events & SYS_EVENT_MSG )
   \   00000B   EB           MOV     A,R3
   \   00000C   5480         ANL     A,#0x80
   \   00000E   603A         JZ      ??Sys_ProcessEvent_0
    330            {
    331              MSGpkt = (afIncomingMSGPacket_t *)osal_msg_receive( task_id );
   \   000010                ; Setup parameters for call to function osal_msg_receive
   \   000010   8012         SJMP    ??Sys_ProcessEvent_1
    332              while ( MSGpkt )
    333              {
    334                switch ( MSGpkt->hdr.event )
    335                {
    336                  case ZDO_CB_MSG:  // 收到被绑定节点的rsp
    337                    Sys_ProcessZDOMsgs( (zdoIncomingMsg_t *)MSGpkt, task_id );
    338                    break;
    339          
    340                  case AF_DATA_CONFIRM_CMD:
    341                    // This message is received as a confirmation of a data packet sent.
    342                    // The status is of ZStatus_t type [defined in ZComDef.h]
    343                    // The message fields are defined in AF.h
    344                    afDataConfirm = (afDataConfirm_t *)MSGpkt;
    345                    sentEP = afDataConfirm->endpoint;
    346                    sentStatus = afDataConfirm->hdr.status;
    347                    sentTransID = afDataConfirm->transID;
    348                    (void)sentEP;
    349                    (void)sentTransID;
    350          
    351                    // Action taken when confirmation is received.
    352                    if ( sentStatus != ZSuccess )
    353                    {
    354                      // The data wasn't delivered -- Do something
    355                    }
    356                    break;
    357          
    358                  case AF_INCOMING_MSG_CMD:
    359                    Sys_MessageMSGCB( MSGpkt, task_id );
    360                    break;
    361          
    362                  case ZDO_STATE_CHANGE:
    363                    Sys_NwkState = (devStates_t)(MSGpkt->hdr.status);
   \                     ??Sys_ProcessEvent_2:
   \   000012   A3           INC     DPTR
   \   000013   E0           MOVX    A,@DPTR
   \   000014   90....       MOV     DPTR,#Sys_NwkState
   \   000017   F0           MOVX    @DPTR,A
    364                    if ( (Sys_NwkState == DEV_ZB_COORD) )
    365                    {
    366                    	;
    367                    }
    368                    
    369                    break;
    370          
    371                  default:
    372                    break;
    373                }
    374          
    375                // Release the memory
    376                osal_msg_deallocate( (uint8 *)MSGpkt );
   \                     ??Sys_ProcessEvent_3:
   \   000018                ; Setup parameters for call to function osal_msg_deallocate
   \   000018   EE           MOV     A,R6
   \   000019   FA           MOV     R2,A
   \   00001A   EF           MOV     A,R7
   \   00001B   FB           MOV     R3,A
   \   00001C   12....       LCALL   ??osal_msg_deallocate?relay
    377          
    378                // Next
    379                MSGpkt = (afIncomingMSGPacket_t *)osal_msg_receive( Sys_TaskID );
   \   00001F                ; Setup parameters for call to function osal_msg_receive
   \   00001F   90....       MOV     DPTR,#Sys_TaskID
   \   000022   E0           MOVX    A,@DPTR
   \   000023   F9           MOV     R1,A
   \                     ??Sys_ProcessEvent_1:
   \   000024   12....       LCALL   ?Subroutine4 & 0xFFFF
   \                     ??CrossCallReturnLabel_2:
   \   000027   6018         JZ      ??Sys_ProcessEvent_4
   \   000029   8E82         MOV     DPL,R6
   \   00002B   8F83         MOV     DPH,R7
   \   00002D   E0           MOVX    A,@DPTR
   \   00002E   242F         ADD     A,#0x2f
   \   000030   60E0         JZ      ??Sys_ProcessEvent_2
   \   000032   24FE         ADD     A,#-0x2
   \   000034   70E2         JNZ     ??Sys_ProcessEvent_3
   \   000036                ; Setup parameters for call to function Sys_ProcessZDOMsgs
   \   000036   A9..         MOV     R1,?V0 + 2
   \   000038   EE           MOV     A,R6
   \   000039   FA           MOV     R2,A
   \   00003A   EF           MOV     A,R7
   \   00003B   FB           MOV     R3,A
   \   00003C   12....       LCALL   ??Sys_ProcessZDOMsgs?relay
   \   00003F   80D7         SJMP    ??Sys_ProcessEvent_3
    380              }
    381              // return unprocessed events
    382              return (events ^ SYS_EVENT_MSG);
   \                     ??Sys_ProcessEvent_4:
   \   000041   AA..         MOV     R2,?V0 + 0
   \   000043   E5..         MOV     A,?V0 + 1
   \   000045   6480         XRL     A,#0x80
   \   000047   FB           MOV     R3,A
   \   000048   802E         SJMP    ??Sys_ProcessEvent_5
    383            }
    384          
    385             if( events & MATCH_BIND_EVT ) // 广播 match 绑定
   \                     ??Sys_ProcessEvent_0:
   \   00004A   EA           MOV     A,R2
   \   00004B   5402         ANL     A,#0x2
   \   00004D   6025         JZ      ??Sys_ProcessEvent_6
    386             {
    387                if(task_id == Button_TaskID)
   \   00004F   90....       MOV     DPTR,#Button_TaskID
   \   000052   E0           MOVX    A,@DPTR
   \   000053   65..         XRL     A,?V0 + 2
   \   000055   7014         JNZ     ??Sys_ProcessEvent_7
    388                {
    389                   zb_BindDevice(TRUE, BUTTON_CMD_ID, NULL);
   \   000057                ; Setup parameters for call to function zb_BindDevice
   \   000057   7C00         MOV     R4,#0x0
   \   000059   7D00         MOV     R5,#0x0
   \   00005B   7A01         MOV     R2,#0x1
   \   00005D   7B00         MOV     R3,#0x0
   \   00005F   7901         MOV     R1,#0x1
   \   000061   12....       LCALL   ??zb_BindDevice?relay
    390                   HalLedSet(HAL_LED_2, HAL_LED_MODE_ON); // 亮绿灯
   \   000064                ; Setup parameters for call to function HalLedSet
   \   000064   7A01         MOV     R2,#0x1
   \   000066   7902         MOV     R1,#0x2
   \   000068   12....       LCALL   ??HalLedSet?relay
    391                }
    392                return (events ^ MATCH_BIND_EVT);
   \                     ??Sys_ProcessEvent_7:
   \   00006B   E5..         MOV     A,?V0 + 0
   \   00006D   6402         XRL     A,#0x2
   \   00006F   FA           MOV     R2,A
   \   000070   AB..         MOV     R3,?V0 + 1
   \   000072   8004         SJMP    ??Sys_ProcessEvent_5
    393             }
    394          
    395          
    396            // Discard unknown events
    397            return 0;
   \                     ??Sys_ProcessEvent_6:
   \   000074   7A00         MOV     R2,#0x0
   \   000076   7B00         MOV     R3,#0x0
   \                     ??Sys_ProcessEvent_5:
   \   000078                REQUIRE ?Subroutine1
   \   000078                ; // Fall through to label ?Subroutine1
    398          }

   \                                 In  segment BANKED_CODE, align 1, keep-with-next
   \                     ?Subroutine1:
   \   000000   7F06         MOV     R7,#0x6
   \   000002   02....       LJMP    ?BANKED_LEAVE_XDATA

   \                                 In  segment BANKED_CODE, align 1, keep-with-next
   \                     ?Subroutine4:
   \   000000   12....       LCALL   ??osal_msg_receive?relay
   \   000003   8A..         MOV     ?V0 + 4,R2
   \   000005   8B..         MOV     ?V0 + 5,R3
   \   000007   AE..         MOV     R6,?V0 + 4
   \   000009   AF..         MOV     R7,?V0 + 5
   \   00000B   EE           MOV     A,R6
   \   00000C   4F           ORL     A,R7
   \   00000D   22           RET
    399          

   \                                 In  segment BANKED_CODE, align 1, keep-with-next
    400          UINT16 Button_ProcessEvent( byte task_id, UINT16 events )
   \                     Button_ProcessEvent:
    401          {
   \   000000   74F2         MOV     A,#-0xe
   \   000002   12....       LCALL   ?BANKED_ENTER_XDATA
   \   000005                ; Saved register size: 14
   \   000005                ; Auto size: 0
   \   000005   8A..         MOV     ?V0 + 0,R2
   \   000007   8B..         MOV     ?V0 + 1,R3
    402            afIncomingMSGPacket_t *MSGpkt = NULL;
    403          
    404            (void)task_id;  // Intentionally unreferenced parameter
    405          
    406            if ( events & SYS_EVENT_MSG )
   \   000009   EB           MOV     A,R3
   \   00000A   5480         ANL     A,#0x80
   \   00000C   6035         JZ      ??Button_ProcessEvent_0
    407            {
    408              MSGpkt = (afIncomingMSGPacket_t *)osal_msg_receive( task_id );
   \   00000E                ; Setup parameters for call to function osal_msg_receive
   \   00000E   8025         SJMP    ??Button_ProcessEvent_1
    409              while ( MSGpkt )
    410              {
    411                switch ( MSGpkt->hdr.event )
   \                     ??Button_ProcessEvent_2:
   \   000010   8E82         MOV     DPL,R6
   \   000012   8F83         MOV     DPH,R7
   \   000014   E0           MOVX    A,@DPTR
   \   000015   64C0         XRL     A,#0xc0
   \   000017   7010         JNZ     ??Button_ProcessEvent_3
    412                {
    413                  case KEY_CHANGE:
    414                    Button_HandleKeys( ((keyChange_t *)MSGpkt)->state, ((keyChange_t *)MSGpkt)->keys );
   \   000019                ; Setup parameters for call to function Button_HandleKeys
   \   000019   A3           INC     DPTR
   \   00001A   A3           INC     DPTR
   \   00001B   A3           INC     DPTR
   \   00001C   E0           MOVX    A,@DPTR
   \   00001D   FA           MOV     R2,A
   \   00001E   8E82         MOV     DPL,R6
   \   000020   8F83         MOV     DPH,R7
   \   000022   A3           INC     DPTR
   \   000023   A3           INC     DPTR
   \   000024   E0           MOVX    A,@DPTR
   \   000025   F9           MOV     R1,A
   \   000026   12....       LCALL   ??Button_HandleKeys?relay
    415                  break;
    416                }
    417                // Release the memory
    418                osal_msg_deallocate( (uint8 *)MSGpkt );
   \                     ??Button_ProcessEvent_3:
   \   000029                ; Setup parameters for call to function osal_msg_deallocate
   \   000029   EE           MOV     A,R6
   \   00002A   FA           MOV     R2,A
   \   00002B   EF           MOV     A,R7
   \   00002C   FB           MOV     R3,A
   \   00002D   12....       LCALL   ??osal_msg_deallocate?relay
    419          
    420                // Next
    421                MSGpkt = (afIncomingMSGPacket_t *)osal_msg_receive( Button_TaskID );
   \   000030                ; Setup parameters for call to function osal_msg_receive
   \   000030   90....       MOV     DPTR,#Button_TaskID
   \   000033   E0           MOVX    A,@DPTR
   \   000034   F9           MOV     R1,A
    422              }
   \                     ??Button_ProcessEvent_1:
   \   000035   12....       LCALL   ?Subroutine4 & 0xFFFF
   \                     ??CrossCallReturnLabel_3:
   \   000038   70D6         JNZ     ??Button_ProcessEvent_2
    423             return (events ^ SYS_EVENT_MSG);
   \   00003A   AA..         MOV     R2,?V0 + 0
   \   00003C   E5..         MOV     A,?V0 + 1
   \   00003E   6480         XRL     A,#0x80
   \   000040   FB           MOV     R3,A
   \   000041   8004         SJMP    ??Button_ProcessEvent_4
    424            }
    425            return 0;
   \                     ??Button_ProcessEvent_0:
   \   000043   7A00         MOV     R2,#0x0
   \   000045   7B00         MOV     R3,#0x0
   \                     ??Button_ProcessEvent_4:
   \   000047   80..         SJMP    ?Subroutine1
    426          }
    427          
    428          /*********************************************************************
    429           * Event Generation Functions
    430           */
    431          
    432          /*********************************************************************
    433           * @fn      Sys_ProcessZDOMsgs()
    434           *
    435           * @brief   Process response messages
    436           *
    437           * @param   none
    438           *
    439           * @return  none
    440           */

   \                                 In  segment BANKED_CODE, align 1, keep-with-next
    441          void Sys_ProcessZDOMsgs( zdoIncomingMsg_t *inMsg , byte task_id )
   \                     Sys_ProcessZDOMsgs:
    442          {
   \   000000   74F5         MOV     A,#-0xb
   \   000002   12....       LCALL   ?BANKED_ENTER_XDATA
   \   000005                ; Saved register size: 11
   \   000005                ; Auto size: 9
   \   000005   74F7         MOV     A,#-0x9
   \   000007   12....       LCALL   ?ALLOC_XSTACK8
    443          
    444            switch ( inMsg->clusterID )
   \   00000A   EA           MOV     A,R2
   \   00000B   240C         ADD     A,#0xc
   \   00000D   F582         MOV     DPL,A
   \   00000F   EB           MOV     A,R3
   \   000010   3400         ADDC    A,#0x0
   \   000012   F583         MOV     DPH,A
   \   000014   E0           MOVX    A,@DPTR
   \   000015   F5..         MOV     ?V0 + 0,A
   \   000017   A3           INC     DPTR
   \   000018   E0           MOVX    A,@DPTR
   \   000019   F5..         MOV     ?V0 + 1,A
   \   00001B   78..         MOV     R0,#?V0 + 0
   \   00001D   12....       LCALL   ?US_SWITCH_SPARSE
   \                     `?<Jumptable for Sys_ProcessZDOMsgs>_0`:
   \   000020   0000         DW        0
   \   000022   0200         DW        2
   \   000024   0680         DW        32774
   \   000026   ....         DW        ??Sys_ProcessZDOMsgs_0
   \   000028   2080         DW        32800
   \   00002A   ....         DW        ??Sys_ProcessZDOMsgs_1
   \   00002C   ....         DW        ??Sys_ProcessZDOMsgs_2
    445            {
    446              case End_Device_Bind_rsp:
    447                if ( ZDO_ParseBindRsp( inMsg ) == ZSuccess )
   \                     ??Sys_ProcessZDOMsgs_1:
   \   00002E   EA           MOV     A,R2
   \   00002F   2413         ADD     A,#0x13
   \   000031   F582         MOV     DPL,A
   \   000033   EB           MOV     A,R3
   \   000034   3400         ADDC    A,#0x0
   \   000036   F583         MOV     DPH,A
   \   000038   12....       LCALL   ?Subroutine5 & 0xFFFF
   \                     ??CrossCallReturnLabel_4:
   \   00003B   700A         JNZ     ??Sys_ProcessZDOMsgs_3
    448                {
    449                  // Light LED
    450                  HalLedSet( HAL_LED_4, HAL_LED_MODE_ON );
   \   00003D                ; Setup parameters for call to function HalLedSet
   \   00003D   7A01         MOV     R2,#0x1
   \                     ??Sys_ProcessZDOMsgs_4:
   \   00003F   7908         MOV     R1,#0x8
   \   000041   12....       LCALL   ??HalLedSet?relay
   \   000044   02....       LJMP    ??Sys_ProcessZDOMsgs_2 & 0xFFFF
    451                }
    452          #if defined(BLINK_LEDS)
    453                else
    454                {
    455                  // Flash LED to show failure
    456                  HalLedSet ( HAL_LED_4, HAL_LED_MODE_FLASH );
   \                     ??Sys_ProcessZDOMsgs_3:
   \   000047                ; Setup parameters for call to function HalLedSet
   \   000047   7A04         MOV     R2,#0x4
   \   000049   80F4         SJMP    ??Sys_ProcessZDOMsgs_4
    457                }
    458          #endif
    459                break;
    460          
    461              case Match_Desc_rsp:
    462                {
    463                  zAddrType_t dstAddr;
    464                  ZDO_ActiveEndpointRsp_t *pRsp = ZDO_ParseEPListRsp( inMsg );
   \                     ??Sys_ProcessZDOMsgs_0:
   \   00004B                ; Setup parameters for call to function ZDO_ParseEPListRsp
   \   00004B   12....       LCALL   ??ZDO_ParseEPListRsp?relay
   \   00004E   8A..         MOV     ?V0 + 0,R2
   \   000050   8B..         MOV     ?V0 + 1,R3
   \   000052   AE..         MOV     R6,?V0 + 0
   \   000054   AF..         MOV     R7,?V0 + 1
    465                  if ( pRsp )
   \   000056   EE           MOV     A,R6
   \   000057   4F           ORL     A,R7
   \   000058   7003         JNZ     $+5
   \   00005A   02....       LJMP    ??Sys_ProcessZDOMsgs_2 & 0xFFFF
    466                  {
    467                    if ( pRsp->status == ZSuccess && pRsp->cnt )
   \   00005D   8E82         MOV     DPL,R6
   \   00005F   8F83         MOV     DPH,R7
   \   000061   E0           MOVX    A,@DPTR
   \   000062   6003         JZ      $+5
   \   000064   02....       LJMP    ??Sys_ProcessZDOMsgs_5 & 0xFFFF
   \   000067   A3           INC     DPTR
   \   000068   A3           INC     DPTR
   \   000069   A3           INC     DPTR
   \   00006A   E0           MOVX    A,@DPTR
   \   00006B   7003         JNZ     $+5
   \   00006D   02....       LJMP    ??Sys_ProcessZDOMsgs_5 & 0xFFFF
    468                    {
    469                      switch (type_join)
   \   000070   90....       MOV     DPTR,#type_join
   \   000073   E0           MOVX    A,@DPTR
   \   000074   6401         XRL     A,#0x1
   \   000076   6003         JZ      $+5
   \   000078   02....       LJMP    ??Sys_ProcessZDOMsgs_5 & 0xFFFF
    470                      {
    471                        case BUTTON_TYPE_ID:
    472                        {
    473                          for(int i=0; pRsp->cnt<i; i++)
   \   00007B   75..00       MOV     ?V0 + 0,#0x0
   \   00007E   75..00       MOV     ?V0 + 1,#0x0
   \   000081   807C         SJMP    ??Sys_ProcessZDOMsgs_6
    474                          {
    475                            dstAddr.addrMode = (afAddrMode_t)Addr16Bit;
   \                     ??Sys_ProcessZDOMsgs_7:
   \   000083   7408         MOV     A,#0x8
   \   000085   12....       LCALL   ?XSTACK_DISP0_8
   \   000088   7402         MOV     A,#0x2
   \   00008A   F0           MOVX    @DPTR,A
    476                            dstAddr.addr.shortAddr = pRsp->nwkAddr;
   \   00008B   8E82         MOV     DPL,R6
   \   00008D   8F83         MOV     DPH,R7
   \   00008F   A3           INC     DPTR
   \   000090   E0           MOVX    A,@DPTR
   \   000091   F8           MOV     R0,A
   \   000092   A3           INC     DPTR
   \   000093   E0           MOVX    A,@DPTR
   \   000094   F9           MOV     R1,A
   \   000095   85..82       MOV     DPL,?XSP + 0
   \   000098   85..83       MOV     DPH,?XSP + 1
   \   00009B   E8           MOV     A,R0
   \   00009C   F0           MOVX    @DPTR,A
   \   00009D   A3           INC     DPTR
   \   00009E   E9           MOV     A,R1
   \   00009F   F0           MOVX    @DPTR,A
    477          
    478                            if ( APSME_BindRequest( Button_epDesc.simpleDesc->EndPoint,
    479                                  BUTTON_CLUSTERID, &dstAddr, pRsp->epList[i] ) == ZSuccess )
   \   0000A0                ; Setup parameters for call to function APSME_BindRequest
   \   0000A0   12....       LCALL   ?Subroutine3 & 0xFFFF
   \                     ??CrossCallReturnLabel_0:
   \   0000A3   F5..         MOV     ?V0 + 2,A
   \   0000A5   78..         MOV     R0,#?V0 + 2
   \   0000A7   12....       LCALL   ?PUSH_XSTACK_I_ONE
   \   0000AA   7401         MOV     A,#0x1
   \   0000AC   12....       LCALL   ?XSTACK_DISP0_8
   \   0000AF   AC82         MOV     R4,DPL
   \   0000B1   AD83         MOV     R5,DPH
   \   0000B3   7A03         MOV     R2,#0x3
   \   0000B5   7B00         MOV     R3,#0x0
   \   0000B7   90....       MOV     DPTR,#Button_epDesc + 3
   \   0000BA   12....       LCALL   ?Subroutine5 & 0xFFFF
   \                     ??CrossCallReturnLabel_5:
   \   0000BD   F9           MOV     R1,A
   \   0000BE   12....       LCALL   ??APSME_BindRequest?relay
   \   0000C1   7401         MOV     A,#0x1
   \   0000C3   12....       LCALL   ?DEALLOC_XSTACK8
   \   0000C6   E9           MOV     A,R1
   \   0000C7   7023         JNZ     ??Sys_ProcessZDOMsgs_8
    480                            {
    481                              //Bind Success
    482                              osal_start_timerEx( ZDAppTaskID, ZDO_NWK_UPDATE_NV,250);
   \   0000C9                ; Setup parameters for call to function osal_start_timerEx
   \   0000C9   7CFA         MOV     R4,#-0x6
   \   0000CB   7D00         MOV     R5,#0x0
   \   0000CD   7A00         MOV     R2,#0x0
   \   0000CF   7B02         MOV     R3,#0x2
   \   0000D1   90....       MOV     DPTR,#ZDAppTaskID
   \   0000D4   E0           MOVX    A,@DPTR
   \   0000D5   F9           MOV     R1,A
   \   0000D6   12....       LCALL   ??osal_start_timerEx?relay
    483                              // 获取目的设备的短地址---干什么的？
    484                              ZDP_IEEEAddrReq(pRsp->nwkAddr, ZDP_ADDR_REQTYPE_SINGLE, 0, 0);
   \   0000D9                ; Setup parameters for call to function ZDP_IEEEAddrReq
   \   0000D9   7D00         MOV     R5,#0x0
   \   0000DB   7C00         MOV     R4,#0x0
   \   0000DD   7900         MOV     R1,#0x0
   \   0000DF   8E82         MOV     DPL,R6
   \   0000E1   8F83         MOV     DPH,R7
   \   0000E3   A3           INC     DPTR
   \   0000E4   E0           MOVX    A,@DPTR
   \   0000E5   FA           MOV     R2,A
   \   0000E6   A3           INC     DPTR
   \   0000E7   E0           MOVX    A,@DPTR
   \   0000E8   FB           MOV     R3,A
   \   0000E9   12....       LCALL   ??ZDP_IEEEAddrReq?relay
    485          
    486                              zb_BindConfirm(BUTTON_CLUSTERID, ZB_SUCCESS);
    487                            }
    488          
    489                            // Take the first endpoint, Can be changed to search through endpoints
    490                            Button_DstAddr.endPoint = pRsp->epList[i];
   \                     ??Sys_ProcessZDOMsgs_8:
   \   0000EC   12....       LCALL   ?Subroutine3 & 0xFFFF
    491                          }
   \                     ??CrossCallReturnLabel_1:
   \   0000EF   90....       MOV     DPTR,#Button_DstAddr + 9
   \   0000F2   F0           MOVX    @DPTR,A
   \   0000F3   E5..         MOV     A,?V0 + 0
   \   0000F5   2401         ADD     A,#0x1
   \   0000F7   F5..         MOV     ?V0 + 0,A
   \   0000F9   E5..         MOV     A,?V0 + 1
   \   0000FB   3400         ADDC    A,#0x0
   \   0000FD   F5..         MOV     ?V0 + 1,A
   \                     ??Sys_ProcessZDOMsgs_6:
   \   0000FF   8E82         MOV     DPL,R6
   \   000101   8F83         MOV     DPH,R7
   \   000103   A3           INC     DPTR
   \   000104   A3           INC     DPTR
   \   000105   A3           INC     DPTR
   \   000106   E0           MOVX    A,@DPTR
   \   000107   C3           CLR     C
   \   000108   95..         SUBB    A,?V0 + 0
   \   00010A   E4           CLR     A
   \   00010B   95..         SUBB    A,?V0 + 1
   \   00010D   A2D2         MOV     C,0xD0 /* PSW */.2
   \   00010F   65D0         XRL     A,PSW
   \   000111   33           RLC     A
   \   000112   5003         JNC     $+5
   \   000114   02....       LJMP    ??Sys_ProcessZDOMsgs_7 & 0xFFFF
    492                          HalLedSet( HAL_LED_4, HAL_LED_MODE_ON );
   \   000117                ; Setup parameters for call to function HalLedSet
   \   000117   7A01         MOV     R2,#0x1
   \   000119   7908         MOV     R1,#0x8
   \   00011B   12....       LCALL   ??HalLedSet?relay
    493                        }
    494          
    495                        // case Led_TaskID:
    496                      }
    497                    }
    498                    osal_mem_free( pRsp );
   \                     ??Sys_ProcessZDOMsgs_5:
   \   00011E                ; Setup parameters for call to function osal_mem_free
   \   00011E   EE           MOV     A,R6
   \   00011F   FA           MOV     R2,A
   \   000120   EF           MOV     A,R7
   \   000121   FB           MOV     R3,A
   \   000122   12....       LCALL   ??osal_mem_free?relay
    499                  }
    500                }
    501                break;
    502            }
    503          }
   \                     ??Sys_ProcessZDOMsgs_2:
   \   000125   7409         MOV     A,#0x9
   \   000127   12....       LCALL   ?DEALLOC_XSTACK8
   \   00012A   7F03         MOV     R7,#0x3
   \   00012C   02....       LJMP    ?BANKED_LEAVE_XDATA

   \                                 In  segment BANKED_CODE, align 1, keep-with-next
   \                     ?Subroutine5:
   \   000000   E0           MOVX    A,@DPTR
   \   000001   F8           MOV     R0,A
   \   000002   A3           INC     DPTR
   \   000003   E0           MOVX    A,@DPTR
   \   000004   F583         MOV     DPH,A
   \   000006   8882         MOV     DPL,R0
   \   000008   E0           MOVX    A,@DPTR
   \   000009   22           RET

   \                                 In  segment BANKED_CODE, align 1, keep-with-next
   \                     ?Subroutine3:
   \   000000   EE           MOV     A,R6
   \   000001   25..         ADD     A,?V0 + 0
   \   000003   F582         MOV     DPL,A
   \   000005   EF           MOV     A,R7
   \   000006   35..         ADDC    A,?V0 + 1
   \   000008   F583         MOV     DPH,A
   \   00000A   A3           INC     DPTR
   \   00000B   A3           INC     DPTR
   \   00000C   A3           INC     DPTR
   \   00000D   A3           INC     DPTR
   \   00000E   E0           MOVX    A,@DPTR
   \   00000F   22           RET
    504          
    505          /*********************************************************************
    506           * @fn      Button_HandleKeys
    507           *
    508           * @brief   Handles all key events for this device.
    509           *
    510           * @param   shift - true if in shift/alt.
    511           * @param   keys - bit field for key events. Valid entries:
    512           *                 HAL_KEY_SW_4
    513           *                 HAL_KEY_SW_3
    514           *                 HAL_KEY_SW_2
    515           *                 HAL_KEY_SW_1
    516           *
    517           * @return  none
    518           */

   \                                 In  segment BANKED_CODE, align 1, keep-with-next
    519          void Button_HandleKeys( byte shift, byte keys )
   \                     Button_HandleKeys:
    520          {
   \   000000   74F6         MOV     A,#-0xa
   \   000002   12....       LCALL   ?BANKED_ENTER_XDATA
   \   000005                ; Saved register size: 10
   \   000005                ; Auto size: 0
   \   000005   E9           MOV     A,R1
   \   000006   FE           MOV     R6,A
   \   000007   EA           MOV     A,R2
   \   000008   FF           MOV     R7,A
    521            
    522            // Shift is used to make each button/switch dual purpose.
    523            if ( shift )
   \   000009   EE           MOV     A,R6
   \   00000A   7043         JNZ     ??Button_HandleKeys_0
    524            {
    525              if ( keys & HAL_KEY_SW_1 )
    526              {
    527              }
    528              if ( keys & HAL_KEY_SW_2 )
    529              {
    530              }
    531              if ( keys & HAL_KEY_SW_3 )
    532              {
    533              }
    534              if ( keys & HAL_KEY_SW_4 )
    535              {
    536              }
    537            }
    538            else
    539            {
    540              if ( keys & HAL_KEY_SW_1 )
   \   00000C   EF           MOV     A,R7
   \   00000D   A2E0         MOV     C,0xE0 /* A   */.0
   \   00000F   5005         JNC     ??Button_HandleKeys_1
    541              {
    542                Sys_SendPreBindMessage(BUTTON_TYPE_ID);
   \   000011                ; Setup parameters for call to function Sys_SendPreBindMessage
   \   000011   7901         MOV     R1,#0x1
   \   000013   12....       LCALL   ??Sys_SendPreBindMessage?relay
    543              }
    544          
    545              // 对远程端点发送命令
    546              if ( keys & HAL_KEY_SW_2 )
   \                     ??Button_HandleKeys_1:
   \   000016   EF           MOV     A,R7
   \   000017   A2E1         MOV     C,0xE0 /* A   */.1
   \   000019   5034         JNC     ??Button_HandleKeys_0
    547              {
    548                //( uint16 destination, uint16 commandId, uint8 len,
    549                //  uint8 *pData, uint8 handle, uint8 txOptions, uint8 radius )
    550                zb_SendDataRequest( 0xFFFE,  BUTTON_CMD_ID, 0,
    551                                  (uint8 *)NULL, sysSeqNumber, 0, 0 );
   \   00001B                ; Setup parameters for call to function zb_SendDataRequest
   \   00001B   75..00       MOV     ?V0 + 0,#0x0
   \   00001E   78..         MOV     R0,#?V0 + 0
   \   000020   12....       LCALL   ?PUSH_XSTACK_I_ONE
   \   000023   78..         MOV     R0,#?V0 + 0
   \   000025   12....       LCALL   ?PUSH_XSTACK_I_ONE
   \   000028   90....       MOV     DPTR,#sysSeqNumber
   \   00002B   E0           MOVX    A,@DPTR
   \   00002C   F5..         MOV     ?V0 + 0,A
   \   00002E   78..         MOV     R0,#?V0 + 0
   \   000030   12....       LCALL   ?PUSH_XSTACK_I_ONE
   \   000033   E4           CLR     A
   \   000034   F5..         MOV     ?V0 + 0,A
   \   000036   F5..         MOV     ?V0 + 1,A
   \   000038   78..         MOV     R0,#?V0 + 0
   \   00003A   12....       LCALL   ?PUSH_XSTACK_I_TWO
   \   00003D   7900         MOV     R1,#0x0
   \   00003F   7C01         MOV     R4,#0x1
   \   000041   7D00         MOV     R5,#0x0
   \   000043   7AFE         MOV     R2,#-0x2
   \   000045   7BFF         MOV     R3,#-0x1
   \   000047   12....       LCALL   ??zb_SendDataRequest?relay
   \   00004A   7405         MOV     A,#0x5
   \   00004C   12....       LCALL   ?DEALLOC_XSTACK8
    552                // 0xFFFE -- 没有目的地址的dstaddr(Match 的 addr)
    553              }
    554          
    555              if ( keys & HAL_KEY_SW_3 )
    556              {
    557              }
    558          
    559              // 是用来查找有没有东西可以匹配的
    560              if ( keys & HAL_KEY_SW_4 )
    561              {/*
    562                HalLedSet ( HAL_LED_4, HAL_LED_MODE_OFF );
    563                // Initiate a Match Description Request (Service Discovery)
    564                dstAddr.addrMode = AddrBroadcast;
    565                dstAddr.addr.shortAddr = NWK_BROADCAST_SHORTADDR;
    566                ZDP_MatchDescReq( &dstAddr, NWK_BROADCAST_SHORTADDR,
    567                                  SYS_PROFID,
    568                                  SYS_MAX_CLUSTERS, (cId_t *)Button_ClusterList,
    569                                  SYS_MAX_CLUSTERS, (cId_t *)Button_ClusterList,
    570                                  FALSE );
    571                                  */
    572              }
    573            }
    574          }
   \                     ??Button_HandleKeys_0:
   \   00004F                REQUIRE ?Subroutine2
   \   00004F                ; // Fall through to label ?Subroutine2

   \                                 In  segment BANKED_CODE, align 1, keep-with-next
   \                     ?Subroutine2:
   \   000000   7F02         MOV     R7,#0x2
   \   000002   02....       LJMP    ?BANKED_LEAVE_XDATA
    575          
    576          /*********************************************************************
    577           * LOCAL FUNCTIONS
    578           */
    579          
    580          /*********************************************************************
    581           * @fn      Sys_MessageMSGCB
    582           *
    583           * @brief   Data message processor callback.  This function processes
    584           *          any incoming data - probably from other devices.  So, based
    585           *          on cluster ID, perform the intended action.
    586           *
    587           * @param   none
    588           *
    589           * @return  none
    590           */

   \                                 In  segment BANKED_CODE, align 1, keep-with-next
    591          void Sys_MessageMSGCB( afIncomingMSGPacket_t *pkt, byte task_id )
   \                     Sys_MessageMSGCB:
    592          {
   \   000000                ; Saved register size: 0
   \   000000                ; Auto size: 0
    593            switch ( pkt->clusterId )
    594            {
    595              case BUTTON_CLUSTERID:
    596                // "the" message
    597          #if defined( WIN32 )
    598                WPRINTSTR( pkt->cmd.Data );
    599          #endif
    600                break;
    601            }
    602          }
   \   000000   02....       LJMP    ?BRET
    603          
    604          /*********************************************************************
    605           * @fn      Sys_SendPreBindMessage
    606           * * @brief   Broadcast prebind message.
    607           *
    608           *
    609           * @param   type_id : 想要绑定的终端类型
    610           *
    611           * @return  none
    612           */

   \                                 In  segment BANKED_CODE, align 1, keep-with-next
    613          void Sys_SendPreBindMessage( byte type_id )
   \                     Sys_SendPreBindMessage:
    614          {
   \   000000   74F6         MOV     A,#-0xa
   \   000002   12....       LCALL   ?BANKED_ENTER_XDATA
   \   000005                ; Saved register size: 10
   \   000005                ; Auto size: 5
   \   000005   74FB         MOV     A,#-0x5
   \   000007   12....       LCALL   ?ALLOC_XSTACK8
   \   00000A   E9           MOV     A,R1
   \   00000B   FE           MOV     R6,A
    615            char theMessageData[5] = "bind";
   \   00000C   85..82       MOV     DPL,?XSP + 0
   \   00000F   85..83       MOV     DPH,?XSP + 1
   \   000012   AC82         MOV     R4,DPL
   \   000014   AD83         MOV     R5,DPH
   \   000016   7583..       MOV     DPH,#(`?<Constant "bind">` >> 8) & 0xff
   \   000019   7582..       MOV     DPL,#`?<Constant "bind">` & 0xff
   \   00001C   7405         MOV     A,#0x5
   \   00001E   12....       LCALL   ?MOVE_LONG8_XDATA_XDATA
    616            theMessageData[4] = type_id;
   \   000021   7404         MOV     A,#0x4
   \   000023   12....       LCALL   ?XSTACK_DISP0_8
   \   000026   E9           MOV     A,R1
   \   000027   F0           MOVX    @DPTR,A
    617          
    618            if ( AF_DataRequest( &Broadcast_DstAddr, &Sys_epDesc,
    619                                 SYS_CLUSTERID,
    620                                 (byte)osal_strlen( theMessageData ) + 1,
    621                                 (byte *)&theMessageData,
    622                                 &Sys_TransID,
    623                                 AF_DISCV_ROUTE, AF_DEFAULT_RADIUS ) == afStatus_SUCCESS )
   \   000028                ; Setup parameters for call to function AF_DataRequest
   \   000028   75..1E       MOV     ?V0 + 0,#0x1e
   \   00002B   78..         MOV     R0,#?V0 + 0
   \   00002D   12....       LCALL   ?PUSH_XSTACK_I_ONE
   \   000030   75....       MOV     ?V0 + 0,#Sys_TransID & 0xff
   \   000033   75....       MOV     ?V0 + 1,#(Sys_TransID >> 8) & 0xff
   \   000036   78..         MOV     R0,#?V0 + 0
   \   000038   12....       LCALL   ?PUSH_XSTACK_I_TWO
   \   00003B   7403         MOV     A,#0x3
   \   00003D   12....       LCALL   ?XSTACK_DISP0_8
   \   000040   8582..       MOV     ?V0 + 0,DPL
   \   000043   8583..       MOV     ?V0 + 1,DPH
   \   000046   78..         MOV     R0,#?V0 + 0
   \   000048   12....       LCALL   ?PUSH_XSTACK_I_TWO
   \   00004B                ; Setup parameters for call to function osal_strlen
   \   00004B   7405         MOV     A,#0x5
   \   00004D   12....       LCALL   ?XSTACK_DISP0_8
   \   000050   AA82         MOV     R2,DPL
   \   000052   AB83         MOV     R3,DPH
   \   000054   12....       LCALL   ??osal_strlen?relay
   \   000057   EA           MOV     A,R2
   \   000058   2401         ADD     A,#0x1
   \   00005A   F5..         MOV     ?V0 + 0,A
   \   00005C   E4           CLR     A
   \   00005D   3400         ADDC    A,#0x0
   \   00005F   F5..         MOV     ?V0 + 1,A
   \   000061   78..         MOV     R0,#?V0 + 0
   \   000063   12....       LCALL   ?PUSH_XSTACK_I_TWO
   \   000066   75..01       MOV     ?V0 + 0,#0x1
   \   000069   75..00       MOV     ?V0 + 1,#0x0
   \   00006C   78..         MOV     R0,#?V0 + 0
   \   00006E   12....       LCALL   ?PUSH_XSTACK_I_TWO
   \   000071   7920         MOV     R1,#0x20
   \   000073   7C..         MOV     R4,#Sys_epDesc & 0xff
   \   000075   7D..         MOV     R5,#(Sys_epDesc >> 8) & 0xff
   \   000077   7A..         MOV     R2,#Broadcast_DstAddr & 0xff
   \   000079   7B..         MOV     R3,#(Broadcast_DstAddr >> 8) & 0xff
   \   00007B   12....       LCALL   ??AF_DataRequest?relay
   \   00007E   7409         MOV     A,#0x9
   \   000080   12....       LCALL   ?DEALLOC_XSTACK8
   \   000083   E9           MOV     A,R1
   \   000084   7029         JNZ     ??Sys_SendPreBindMessage_0
    624            {
    625              // Successfully requested to be sent.
    626              // 闪5s灯
    627              HalLedBlink (HAL_LED_1, 1, HAL_LED_DEFAULT_DUTY_CYCLE, 5);
   \   000086                ; Setup parameters for call to function HalLedBlink
   \   000086   7C05         MOV     R4,#0x5
   \   000088   7D00         MOV     R5,#0x0
   \   00008A   7B05         MOV     R3,#0x5
   \   00008C   7A01         MOV     R2,#0x1
   \   00008E   7901         MOV     R1,#0x1
   \   000090   12....       LCALL   ??HalLedBlink?relay
    628             //if(想要绑定什么就对应的 TypeID)
    629          
    630              type_join = type_id;
   \   000093   EE           MOV     A,R6
   \   000094   90....       MOV     DPTR,#type_join
   \   000097   F0           MOVX    @DPTR,A
    631              if(type_id == BUTTON_TYPE_ID)
   \   000098   7401         MOV     A,#0x1
   \   00009A   6E           XRL     A,R6
   \   00009B   7019         JNZ     ??Sys_SendPreBindMessage_1
    632                osal_start_timerEx(Button_TaskID, MATCH_BIND_EVT, 5000);
   \   00009D                ; Setup parameters for call to function osal_start_timerEx
   \   00009D   7C88         MOV     R4,#-0x78
   \   00009F   7D13         MOV     R5,#0x13
   \   0000A1   7A02         MOV     R2,#0x2
   \   0000A3   7B00         MOV     R3,#0x0
   \   0000A5   90....       MOV     DPTR,#Button_TaskID
   \   0000A8   E0           MOVX    A,@DPTR
   \   0000A9   F9           MOV     R1,A
   \   0000AA   12....       LCALL   ??osal_start_timerEx?relay
   \   0000AD   8007         SJMP    ??Sys_SendPreBindMessage_1
    633          
    634            }
    635            else
    636            {
    637              // Error occurred in request to send.
    638              HalLedSet(HAL_LED_1, HAL_LED_MODE_OFF);
   \                     ??Sys_SendPreBindMessage_0:
   \   0000AF                ; Setup parameters for call to function HalLedSet
   \   0000AF   7A00         MOV     R2,#0x0
   \   0000B1   7901         MOV     R1,#0x1
   \   0000B3   12....       LCALL   ??HalLedSet?relay
    639            }
    640          }
   \                     ??Sys_SendPreBindMessage_1:
   \   0000B6   7405         MOV     A,#0x5
   \   0000B8   12....       LCALL   ?DEALLOC_XSTACK8
   \   0000BB   02....       LJMP    ?Subroutine2 & 0xFFFF
    641          
    642          /*********************************************************************
    643          *********************************************************************/
    644          
    645          
    646          /******************************************************************************
    647           * @fn          zb_StartConfirm
    648           *
    649           * @brief       The zb_StartConfirm callback is called by the ZigBee stack
    650           *              after a start request operation completes
    651           *
    652           * @param       status - The status of the start operation.  Status of
    653           *                       ZB_SUCCESS indicates the start operation completed
    654           *                       successfully.  Else the status is an error code.
    655           *
    656           * @return      none
    657           */

   \                                 In  segment BANKED_CODE, align 1, keep-with-next
    658          void zb_StartConfirm( uint8 status )
   \                     zb_StartConfirm:
    659          {
   \   000000   74F7         MOV     A,#-0x9
   \   000002   12....       LCALL   ?BANKED_ENTER_XDATA
   \   000005                ; Saved register size: 9
   \   000005                ; Auto size: 0
   \   000005   E9           MOV     A,R1
    660              if ( status == ZB_SUCCESS )
   \   000006   7008         JNZ     ??zb_StartConfirm_0
    661            {
    662              myAppState = APP_START;
   \   000008   90....       MOV     DPTR,#myAppState
   \   00000B   7401         MOV     A,#0x1
   \   00000D   F0           MOVX    @DPTR,A
   \   00000E   8007         SJMP    ??zb_StartConfirm_1
    663            }
    664            else
    665            {
    666              // Try again later with a delay
    667          
    668              HalLedSet(HAL_LED_2, HAL_LED_MODE_BLINK);
   \                     ??zb_StartConfirm_0:
   \   000010                ; Setup parameters for call to function HalLedSet
   \   000010   7A02         MOV     R2,#0x2
   \   000012   7902         MOV     R1,#0x2
   \   000014   12....       LCALL   ??HalLedSet?relay
    669            }
    670          }
   \                     ??zb_StartConfirm_1:
   \   000017   02....       LJMP    ?Subroutine0 & 0xFFFF
    671          /******************************************************************************
    672           * @fn          zb_SendDataConfirm
    673           *
    674           * @brief       The zb_SendDataConfirm callback function is called by the
    675           *              ZigBee after a send data operation completes
    676           *
    677           * @param       handle - The handle identifying the data transmission.
    678           *              status - The status of the operation.
    679           *
    680           * @return      none
    681           */

   \                                 In  segment BANKED_CODE, align 1, keep-with-next
    682          void zb_SendDataConfirm( uint8 handle, uint8 status )
   \                     zb_SendDataConfirm:
    683          {
   \   000000                ; Saved register size: 0
   \   000000                ; Auto size: 0
    684          }
   \   000000   02....       LJMP    ?BRET
    685          /******************************************************************************
    686           * @fn          zb_BindConfirm
    687           *
    688           * @brief       The zb_BindConfirm callback is called by the ZigBee stack
    689           *              after a bind operation completes.
    690           *
    691           * @param       commandId - The command ID of the binding being confirmed.
    692           *              status - The status of the bind operation.
    693           *
    694           * @return      none
    695           */

   \                                 In  segment BANKED_CODE, align 1, keep-with-next
    696          void zb_BindConfirm( uint16 commandId, uint8 status )
   \                     zb_BindConfirm:
    697          {
   \   000000                ; Saved register size: 0
   \   000000                ; Auto size: 0
    698          }
   \   000000   02....       LJMP    ?BRET
    699          /******************************************************************************
    700           * @fn          zb_AllowBindConfirm
    701           *
    702           * @brief       Indicates when another device attempted to bind to this device
    703           *
    704           * @param
    705           *
    706           * @return      none
    707           */

   \                                 In  segment BANKED_CODE, align 1, keep-with-next
    708          void zb_AllowBindConfirm( uint16 source )
   \                     zb_AllowBindConfirm:
    709          {
   \   000000                ; Saved register size: 0
   \   000000                ; Auto size: 0
    710          }
   \   000000   02....       LJMP    ?BRET
    711          /******************************************************************************
    712           * @fn          zb_FindDeviceConfirm
    713           *
    714           * @brief       The zb_FindDeviceConfirm callback function is called by the
    715           *              ZigBee stack when a find device operation completes.
    716           *
    717           * @param       searchType - The type of search that was performed.
    718           *              searchKey - Value that the search was executed on.
    719           *              result - The result of the search.
    720           *
    721           * @return      none
    722           */

   \                                 In  segment BANKED_CODE, align 1, keep-with-next
    723          void zb_FindDeviceConfirm( uint8 searchType, uint8 *searchKey, uint8 *result )
   \                     zb_FindDeviceConfirm:
    724          {
   \   000000                ; Saved register size: 0
   \   000000                ; Auto size: 0
    725          }
   \   000000   02....       LJMP    ?BRET
    726          /******************************************************************************
    727           * @fn          zb_ReceiveDataIndication
    728           *
    729           * @brief       The zb_ReceiveDataIndication callback function is called
    730           *              asynchronously by the ZigBee stack to notify the application
    731           *              when data is received from a peer device.
    732           *
    733           * @param       source - The short address of the peer device that sent the data
    734           *              command - The commandId associated with the data
    735           *              len - The number of bytes in the pData parameter
    736           *              pData - The data sent by the peer device
    737           *
    738           * @return      none
    739           */

   \                                 In  segment BANKED_CODE, align 1, keep-with-next
    740          void zb_ReceiveDataIndication( uint16 source, uint16 command, uint16 len, uint8 *pData  )
   \                     zb_ReceiveDataIndication:
    741          {
   \   000000                ; Saved register size: 0
   \   000000                ; Auto size: 0
    742          }
   \   000000   02....       LJMP    ?BRET
    743          

   \                                 In  segment BANKED_CODE, align 1, keep-with-next
    744          void zb_HandleOsalEvent( uint16 event )
   \                     zb_HandleOsalEvent:
    745          {
   \   000000                ; Saved register size: 0
   \   000000                ; Auto size: 0
    746          
    747          }
   \   000000   02....       LJMP    ?BRET

   \                                 In  segment XDATA_ID, align 1, keep-with-next
   \                     `?<Initializer for AppTitle>`:
   \   000000   53656E73     DB "SensorAPP"
   \            6F724150
   \            5000    

   \                                 In  segment BANK_RELAYS, align 1
   \                     ??Sys_Init?relay:
   \   000000   12....       LCALL   ?BDISPATCH
   \   000003   ......       DC24    Sys_Init

   \                                 In  segment BANK_RELAYS, align 1
   \                     ??Button_Init?relay:
   \   000000   12....       LCALL   ?BDISPATCH
   \   000003   ......       DC24    Button_Init

   \                                 In  segment BANK_RELAYS, align 1
   \                     ??Sys_ProcessEvent?relay:
   \   000000   12....       LCALL   ?BDISPATCH
   \   000003   ......       DC24    Sys_ProcessEvent

   \                                 In  segment BANK_RELAYS, align 1
   \                     ??Button_ProcessEvent?relay:
   \   000000   12....       LCALL   ?BDISPATCH
   \   000003   ......       DC24    Button_ProcessEvent

   \                                 In  segment BANK_RELAYS, align 1
   \                     ??Sys_ProcessZDOMsgs?relay:
   \   000000   12....       LCALL   ?BDISPATCH
   \   000003   ......       DC24    Sys_ProcessZDOMsgs

   \                                 In  segment BANK_RELAYS, align 1
   \                     ??Button_HandleKeys?relay:
   \   000000   12....       LCALL   ?BDISPATCH
   \   000003   ......       DC24    Button_HandleKeys

   \                                 In  segment BANK_RELAYS, align 1
   \                     ??Sys_MessageMSGCB?relay:
   \   000000   12....       LCALL   ?BDISPATCH
   \   000003   ......       DC24    Sys_MessageMSGCB

   \                                 In  segment BANK_RELAYS, align 1
   \                     ??Sys_SendPreBindMessage?relay:
   \   000000   12....       LCALL   ?BDISPATCH
   \   000003   ......       DC24    Sys_SendPreBindMessage

   \                                 In  segment BANK_RELAYS, align 1
   \                     ??zb_StartConfirm?relay:
   \   000000   12....       LCALL   ?BDISPATCH
   \   000003   ......       DC24    zb_StartConfirm

   \                                 In  segment BANK_RELAYS, align 1
   \                     ??zb_SendDataConfirm?relay:
   \   000000   12....       LCALL   ?BDISPATCH
   \   000003   ......       DC24    zb_SendDataConfirm

   \                                 In  segment BANK_RELAYS, align 1
   \                     ??zb_BindConfirm?relay:
   \   000000   12....       LCALL   ?BDISPATCH
   \   000003   ......       DC24    zb_BindConfirm

   \                                 In  segment BANK_RELAYS, align 1
   \                     ??zb_AllowBindConfirm?relay:
   \   000000   12....       LCALL   ?BDISPATCH
   \   000003   ......       DC24    zb_AllowBindConfirm

   \                                 In  segment BANK_RELAYS, align 1
   \                     ??zb_FindDeviceConfirm?relay:
   \   000000   12....       LCALL   ?BDISPATCH
   \   000003   ......       DC24    zb_FindDeviceConfirm

   \                                 In  segment BANK_RELAYS, align 1
   \                     ??zb_ReceiveDataIndication?relay:
   \   000000   12....       LCALL   ?BDISPATCH
   \   000003   ......       DC24    zb_ReceiveDataIndication

   \                                 In  segment BANK_RELAYS, align 1
   \                     ??zb_HandleOsalEvent?relay:
   \   000000   12....       LCALL   ?BDISPATCH
   \   000003   ......       DC24    zb_HandleOsalEvent

   \                                 In  segment XDATA_ROM_C, align 1
   \                     `?<Constant "bind">`:
   \   000000   62696E64     DB "bind"
   \            00      

   Maximum stack usage in bytes:

     Function                    ISTACK PSTACK XSTACK
     --------                    ------ ------ ------
     Button_HandleKeys               0      0     29
       -> Sys_SendPreBindMessage     0      0     20
       -> zb_SendDataRequest         0      0     30
     Button_Init                     0      0      9
       -> afRegister                 0      0     18
       -> RegisterForKeys            0      0     18
       -> ZDO_RegisterForZDOMsg      0      0     18
     Button_ProcessEvent             0      0     14
       -> osal_msg_receive           0      0     28
       -> Button_HandleKeys          0      0     28
       -> osal_msg_deallocate        0      0     28
       -> osal_msg_receive           0      0     28
     Sys_Init                        0      0      9
       -> afRegister                 0      0     18
       -> HalLedSet                  0      0     18
       -> HalLedSet                  0      0     18
       -> HalLedSet                  0      0     18
       -> HalLedSet                  0      0     18
     Sys_MessageMSGCB                0      0      0
     Sys_ProcessEvent                0      0     14
       -> osal_msg_receive           0      0     28
       -> osal_msg_deallocate        0      0     28
       -> osal_msg_receive           0      0     28
       -> Sys_ProcessZDOMsgs         0      0     28
       -> zb_BindDevice              0      0     28
       -> HalLedSet                  0      0     28
     Sys_ProcessZDOMsgs              0      0     35
       -> HalLedSet                  0      0     40
       -> HalLedSet                  0      0     40
       -> ZDO_ParseEPListRsp         0      0     40
       -> APSME_BindRequest          0      0     42
       -> osal_start_timerEx         0      0     40
       -> ZDP_IEEEAddrReq            0      0     40
       -> HalLedSet                  0      0     40
       -> osal_mem_free              0      0     40
     Sys_SendPreBindMessage          2      0     34
       -> osal_strlen                0      0     40
       -> AF_DataRequest             0      0     48
       -> HalLedBlink                0      0     30
       -> osal_start_timerEx         0      0     30
       -> HalLedSet                  0      0     30
     zb_AllowBindConfirm             0      0      0
     zb_BindConfirm                  0      0      0
     zb_FindDeviceConfirm            0      0      0
     zb_HandleOsalEvent              0      0      0
     zb_ReceiveDataIndication        0      0      4
     zb_SendDataConfirm              0      0      0
     zb_StartConfirm                 0      0      9
       -> HalLedSet                  0      0     18


   Segment part sizes:

     Function/Label                   Bytes
     --------------                   -----
     AppTitle                           10
     Sys_ClusterList                     2
     Button_ClusterList                  4
     Zb_ClusterList                      8
     Sys_SimpleDesc                     12
     Button_SimpleDesc                  12
     zb_SimpleDesc                      12
     Sys_epDesc                          6
     Button_epDesc                       6
     myAppState                          1
     type_join                           1
     Sys_TaskID                          1
     Button_TaskID                       1
     Sys_NwkState                        1
     Sys_TransID                         1
     Broadcast_DstAddr                  12
     Button_DstAddr                     12
     sysSeqNumber                        1
     Sys_Init                           88
     ?Subroutine0                        5
     Button_Init                        77
     Sys_ProcessEvent                  120
     ?Subroutine1                        5
     ?Subroutine4                       14
     Button_ProcessEvent                73
     Sys_ProcessZDOMsgs                303
     ?Subroutine5                       10
     ?Subroutine3                       16
     Button_HandleKeys                  79
     ?Subroutine2                        5
     Sys_MessageMSGCB                    3
     Sys_SendPreBindMessage            190
     zb_StartConfirm                    26
     zb_SendDataConfirm                  3
     zb_BindConfirm                      3
     zb_AllowBindConfirm                 3
     zb_FindDeviceConfirm                3
     zb_ReceiveDataIndication            3
     zb_HandleOsalEvent                  3
     ?<Initializer for AppTitle>        10
     ??Sys_Init?relay                    6
     ??Button_Init?relay                 6
     ??Sys_ProcessEvent?relay            6
     ??Button_ProcessEvent?relay         6
     ??Sys_ProcessZDOMsgs?relay          6
     ??Button_HandleKeys?relay           6
     ??Sys_MessageMSGCB?relay            6
     ??Sys_SendPreBindMessage?relay      6
     ??zb_StartConfirm?relay             6
     ??zb_SendDataConfirm?relay          6
     ??zb_BindConfirm?relay              6
     ??zb_AllowBindConfirm?relay         6
     ??zb_FindDeviceConfirm?relay        6
     ??zb_ReceiveDataIndication?relay    6
     ??zb_HandleOsalEvent?relay          6
     ?<Constant "bind">                  5

 
 1 032 bytes in segment BANKED_CODE
    90 bytes in segment BANK_RELAYS
    10 bytes in segment XDATA_I
    10 bytes in segment XDATA_ID
    55 bytes in segment XDATA_ROM_C
    43 bytes in segment XDATA_Z
 
 1 132 bytes of CODE  memory
    55 bytes of CONST memory
    53 bytes of XDATA memory

Errors: none
Warnings: 1
